Archive member included to satisfy reference by file (symbol)

c:/st/stm32cubeide_1.7.0/stm32cubeide/plugins/com.st.stm32cube.ide.mcu.externaltools.gnu-tools-for-stm32.9-2020-q2-update.win32_2.0.0.202105311346/tools/bin/../lib/gcc/arm-none-eabi/9.3.1/../../../../arm-none-eabi/lib/thumb/v7e-m+fp/hard\libc_nano.a(lib_a-errno.o)
                              ./Application/User/syscalls.o (__errno)
c:/st/stm32cubeide_1.7.0/stm32cubeide/plugins/com.st.stm32cube.ide.mcu.externaltools.gnu-tools-for-stm32.9-2020-q2-update.win32_2.0.0.202105311346/tools/bin/../lib/gcc/arm-none-eabi/9.3.1/../../../../arm-none-eabi/lib/thumb/v7e-m+fp/hard\libc_nano.a(lib_a-exit.o)
                              c:/st/stm32cubeide_1.7.0/stm32cubeide/plugins/com.st.stm32cube.ide.mcu.externaltools.gnu-tools-for-stm32.9-2020-q2-update.win32_2.0.0.202105311346/tools/bin/../lib/gcc/arm-none-eabi/9.3.1/../../../../arm-none-eabi/lib/thumb/v7e-m+fp/hard/crt0.o (exit)
c:/st/stm32cubeide_1.7.0/stm32cubeide/plugins/com.st.stm32cube.ide.mcu.externaltools.gnu-tools-for-stm32.9-2020-q2-update.win32_2.0.0.202105311346/tools/bin/../lib/gcc/arm-none-eabi/9.3.1/../../../../arm-none-eabi/lib/thumb/v7e-m+fp/hard\libc_nano.a(lib_a-impure.o)
                              c:/st/stm32cubeide_1.7.0/stm32cubeide/plugins/com.st.stm32cube.ide.mcu.externaltools.gnu-tools-for-stm32.9-2020-q2-update.win32_2.0.0.202105311346/tools/bin/../lib/gcc/arm-none-eabi/9.3.1/../../../../arm-none-eabi/lib/thumb/v7e-m+fp/hard\libc_nano.a(lib_a-exit.o) (_global_impure_ptr)
c:/st/stm32cubeide_1.7.0/stm32cubeide/plugins/com.st.stm32cube.ide.mcu.externaltools.gnu-tools-for-stm32.9-2020-q2-update.win32_2.0.0.202105311346/tools/bin/../lib/gcc/arm-none-eabi/9.3.1/../../../../arm-none-eabi/lib/thumb/v7e-m+fp/hard\libc_nano.a(lib_a-init.o)
                              c:/st/stm32cubeide_1.7.0/stm32cubeide/plugins/com.st.stm32cube.ide.mcu.externaltools.gnu-tools-for-stm32.9-2020-q2-update.win32_2.0.0.202105311346/tools/bin/../lib/gcc/arm-none-eabi/9.3.1/../../../../arm-none-eabi/lib/thumb/v7e-m+fp/hard/crt0.o (__libc_init_array)
c:/st/stm32cubeide_1.7.0/stm32cubeide/plugins/com.st.stm32cube.ide.mcu.externaltools.gnu-tools-for-stm32.9-2020-q2-update.win32_2.0.0.202105311346/tools/bin/../lib/gcc/arm-none-eabi/9.3.1/../../../../arm-none-eabi/lib/thumb/v7e-m+fp/hard\libc_nano.a(lib_a-memcpy-stub.o)
                              ./Middlewares/MotorControl/mcpa.o (memcpy)
c:/st/stm32cubeide_1.7.0/stm32cubeide/plugins/com.st.stm32cube.ide.mcu.externaltools.gnu-tools-for-stm32.9-2020-q2-update.win32_2.0.0.202105311346/tools/bin/../lib/gcc/arm-none-eabi/9.3.1/../../../../arm-none-eabi/lib/thumb/v7e-m+fp/hard\libc_nano.a(lib_a-memset.o)
                              c:/st/stm32cubeide_1.7.0/stm32cubeide/plugins/com.st.stm32cube.ide.mcu.externaltools.gnu-tools-for-stm32.9-2020-q2-update.win32_2.0.0.202105311346/tools/bin/../lib/gcc/arm-none-eabi/9.3.1/../../../../arm-none-eabi/lib/thumb/v7e-m+fp/hard/crt0.o (memset)
c:/st/stm32cubeide_1.7.0/stm32cubeide/plugins/com.st.stm32cube.ide.mcu.externaltools.gnu-tools-for-stm32.9-2020-q2-update.win32_2.0.0.202105311346/tools/bin/../lib/gcc/arm-none-eabi/9.3.1/thumb/v7e-m+fp/hard\libgcc.a(_arm_muldf3.o)
                              ./Application/User/mc_interface.o (__aeabi_dmul)
c:/st/stm32cubeide_1.7.0/stm32cubeide/plugins/com.st.stm32cube.ide.mcu.externaltools.gnu-tools-for-stm32.9-2020-q2-update.win32_2.0.0.202105311346/tools/bin/../lib/gcc/arm-none-eabi/9.3.1/thumb/v7e-m+fp/hard\libgcc.a(_arm_addsubdf3.o)
                              ./Application/User/mc_interface.o (__aeabi_i2d)
c:/st/stm32cubeide_1.7.0/stm32cubeide/plugins/com.st.stm32cube.ide.mcu.externaltools.gnu-tools-for-stm32.9-2020-q2-update.win32_2.0.0.202105311346/tools/bin/../lib/gcc/arm-none-eabi/9.3.1/thumb/v7e-m+fp/hard\libgcc.a(_arm_truncdfsf2.o)
                              ./Application/User/mc_interface.o (__aeabi_d2f)
c:/st/stm32cubeide_1.7.0/stm32cubeide/plugins/com.st.stm32cube.ide.mcu.externaltools.gnu-tools-for-stm32.9-2020-q2-update.win32_2.0.0.202105311346/tools/bin/../lib/gcc/arm-none-eabi/9.3.1/thumb/v7e-m+fp/hard\libgcc.a(_aeabi_ldivmod.o)
                              ./Drivers/STM32F4xx_HAL_Driver/stm32f4xx_hal_rcc.o (__aeabi_ldivmod)
c:/st/stm32cubeide_1.7.0/stm32cubeide/plugins/com.st.stm32cube.ide.mcu.externaltools.gnu-tools-for-stm32.9-2020-q2-update.win32_2.0.0.202105311346/tools/bin/../lib/gcc/arm-none-eabi/9.3.1/thumb/v7e-m+fp/hard\libgcc.a(_aeabi_uldivmod.o)
                              ./Drivers/STM32F4xx_HAL_Driver/stm32f4xx_hal_rcc.o (__aeabi_uldivmod)
c:/st/stm32cubeide_1.7.0/stm32cubeide/plugins/com.st.stm32cube.ide.mcu.externaltools.gnu-tools-for-stm32.9-2020-q2-update.win32_2.0.0.202105311346/tools/bin/../lib/gcc/arm-none-eabi/9.3.1/thumb/v7e-m+fp/hard\libgcc.a(_udivmoddi4.o)
[...]
Memory Configuration

Name             Origin             Length             Attributes
RAM              0x0000000020000000 0x0000000000018000 xrw
FLASH            0x0000000008000000 0x0000000000080000 xr
*default*        0x0000000000000000 0xffffffffffffffff

Linker script and memory map

LOAD c:/st/stm32cubeide_1.7.0/stm32cubeide/plugins/com.st.stm32cube.ide.mcu.externaltools.gnu-tools-for-stm32.9-2020-q2-update.win32_2.0.0.202105311346/tools/bin/../lib/gcc/arm-none-eabi/9.3.1/thumb/v7e-m+fp/hard/crti.o
LOAD c:/st/stm32cubeide_1.7.0/stm32cubeide/plugins/com.st.stm32cube.ide.mcu.externaltools.gnu-tools-for-stm32.9-2020-q2-update.win32_2.0.0.202105311346/tools/bin/../lib/gcc/arm-none-eabi/9.3.1/thumb/v7e-m+fp/hard/crtbegin.o
LOAD c:/st/stm32cubeide_1.7.0/stm32cubeide/plugins/com.st.stm32cube.ide.mcu.externaltools.gnu-tools-for-stm32.9-2020-q2-update.win32_2.0.0.202105311346/tools/bin/../lib/gcc/arm-none-eabi/9.3.1/../../../../arm-none-eabi/lib/thumb/v7e-m+fp/hard/crt0.o
LOAD ./Application/Startup/startup_stm32f401retx.o
LOAD ./Application/User/aspep.o
LOAD ./Application/User/main.o
LOAD ./Application/User/mc_api.o
LOAD ./Application/User/mc_app_hooks.o
LOAD ./Application/User/mc_config.o
LOAD ./Application/User/mc_configuration_registers.o
LOAD ./Application/User/mc_interface.o
LOAD ./Application/User/mc_math.o
LOAD ./Application/User/mc_parameters.o
LOAD ./Application/User/mc_perf.o
LOAD ./Application/User/mc_tasks.o
LOAD ./Application/User/mcp_config.o
LOAD ./Application/User/motorcontrol.o
LOAD ./Application/User/pwm_curr_fdbk.o
LOAD ./Application/User/register_interface.o
LOAD ./Application/User/regular_conversion_manager.o
LOAD ./Application/User/stm32f4xx_hal_msp.o
LOAD ./Application/User/stm32f4xx_it.o
LOAD ./Application/User/stm32f4xx_mc_it.o
LOAD ./Application/User/syscalls.o
LOAD ./Application/User/sysmem.o
LOAD ./Application/User/usart_aspep_driver.o
LOAD ./Drivers/CMSIS/system_stm32f4xx.o
LOAD ./Drivers/STM32F4xx_HAL_Driver/stm32f4xx_hal.o
LOAD ./Drivers/STM32F4xx_HAL_Driver/stm32f4xx_hal_cortex.o
LOAD ./Drivers/STM32F4xx_HAL_Driver/stm32f4xx_hal_dma.o
LOAD ./Drivers/STM32F4xx_HAL_Driver/stm32f4xx_hal_dma_ex.o
LOAD ./Drivers/STM32F4xx_HAL_Driver/stm32f4xx_hal_exti.o
LOAD ./Drivers/STM32F4xx_HAL_Driver/stm32f4xx_hal_flash.o
LOAD ./Drivers/STM32F4xx_HAL_Driver/stm32f4xx_hal_flash_ex.o
LOAD ./Drivers/STM32F4xx_HAL_Driver/stm32f4xx_hal_flash_ramfunc.o
LOAD ./Drivers/STM32F4xx_HAL_Driver/stm32f4xx_hal_gpio.o
LOAD ./Drivers/STM32F4xx_HAL_Driver/stm32f4xx_hal_pwr.o
LOAD ./Drivers/STM32F4xx_HAL_Driver/stm32f4xx_hal_pwr_ex.o
LOAD ./Drivers/STM32F4xx_HAL_Driver/stm32f4xx_hal_rcc.o
LOAD ./Drivers/STM32F4xx_HAL_Driver/stm32f4xx_hal_rcc_ex.o
LOAD ./Drivers/STM32F4xx_HAL_Driver/stm32f4xx_hal_tim.o
LOAD ./Drivers/STM32F4xx_HAL_Driver/stm32f4xx_hal_tim_ex.o
LOAD ./Drivers/STM32F4xx_HAL_Driver/stm32f4xx_ll_adc.o
LOAD ./Drivers/STM32F4xx_HAL_Driver/stm32f4xx_ll_dma.o
LOAD ./Drivers/STM32F4xx_HAL_Driver/stm32f4xx_ll_exti.o
LOAD ./Drivers/STM32F4xx_HAL_Driver/stm32f4xx_ll_gpio.o
LOAD ./Drivers/STM32F4xx_HAL_Driver/stm32f4xx_ll_rcc.o
LOAD ./Drivers/STM32F4xx_HAL_Driver/stm32f4xx_ll_tim.o
LOAD ./Drivers/STM32F4xx_HAL_Driver/stm32f4xx_ll_usart.o
LOAD ./Drivers/STM32F4xx_HAL_Driver/stm32f4xx_ll_utils.o
LOAD ./Middlewares/MotorControl/bus_voltage_sensor.o
LOAD ./Middlewares/MotorControl/circle_limitation.o
LOAD ./Middlewares/MotorControl/digital_output.o
LOAD ./Middlewares/MotorControl/feed_forward_ctrl.o
LOAD ./Middlewares/MotorControl/inrush_current_limiter.o
LOAD ./Middlewares/MotorControl/mcp.o
LOAD ./Middlewares/MotorControl/mcpa.o
LOAD ./Middlewares/MotorControl/ntc_temperature_sensor.o
LOAD ./Middlewares/MotorControl/open_loop.o
LOAD ./Middlewares/MotorControl/pid_regulator.o
LOAD ./Middlewares/MotorControl/pqd_motor_power_measurement.o
LOAD ./Middlewares/MotorControl/pwm_common.o
LOAD ./Middlewares/MotorControl/r3_1_f4xx_pwm_curr_fdbk.o
LOAD ./Middlewares/MotorControl/r_divider_bus_voltage_sensor.o
LOAD ./Middlewares/MotorControl/ramp_ext_mngr.o
LOAD ./Middlewares/MotorControl/revup_ctrl.o
LOAD ./Middlewares/MotorControl/speed_pos_fdbk.o
LOAD ./Middlewares/MotorControl/speed_torq_ctrl.o
LOAD ./Middlewares/MotorControl/sto_pll_speed_pos_fdbk.o
LOAD ./Middlewares/MotorControl/virtual_speed_sensor.o
START GROUP
LOAD c:/st/stm32cubeide_1.7.0/stm32cubeide/plugins/com.st.stm32cube.ide.mcu.externaltools.gnu-tools-for-stm32.9-2020-q2-update.win32_2.0.0.202105311346/tools/bin/../lib/gcc/arm-none-eabi/9.3.1/../../../../arm-none-eabi/lib/thumb/v7e-m+fp/hard\libc_nano.a
LOAD c:/st/stm32cubeide_1.7.0/stm32cubeide/plugins/com.st.stm32cube.ide.mcu.externaltools.gnu-tools-for-stm32.9-2020-q2-update.win32_2.0.0.202105311346/tools/bin/../lib/gcc/arm-none-eabi/9.3.1/../../../../arm-none-eabi/lib/thumb/v7e-m+fp/hard\libm.a
END GROUP
START GROUP
LOAD c:/st/stm32cubeide_1.7.0/stm32cubeide/plugins/com.st.stm32cube.ide.mcu.externaltools.gnu-tools-for-stm32.9-2020-q2-update.win32_2.0.0.202105311346/tools/bin/../lib/gcc/arm-none-eabi/9.3.1/thumb/v7e-m+fp/hard\libgcc.a
LOAD c:/st/stm32cubeide_1.7.0/stm32cubeide/plugins/com.st.stm32cube.ide.mcu.externaltools.gnu-tools-for-stm32.9-2020-q2-update.win32_2.0.0.202105311346/tools/bin/../lib/gcc/arm-none-eabi/9.3.1/../../../../arm-none-eabi/lib/thumb/v7e-m+fp/hard\libc_nano.a
END GROUP
START GROUP
LOAD c:/st/stm32cubeide_1.7.0/stm32cubeide/plugins/com.st.stm32cube.ide.mcu.externaltools.gnu-tools-for-stm32.9-2020-q2-update.win32_2.0.0.202105311346/tools/bin/../lib/gcc/arm-none-eabi/9.3.1/thumb/v7e-m+fp/hard\libgcc.a
LOAD c:/st/stm32cubeide_1.7.0/stm32cubeide/plugins/com.st.stm32cube.ide.mcu.externaltools.gnu-tools-for-stm32.9-2020-q2-update.win32_2.0.0.202105311346/tools/bin/../lib/gcc/arm-none-eabi/9.3.1/../../../../arm-none-eabi/lib/thumb/v7e-m+fp/hard\libc_nano.a
LOAD c:/st/stm32cubeide_1.7.0/stm32cubeide/plugins/com.st.stm32cube.ide.mcu.externaltools.gnu-tools-for-stm32.9-2020-q2-update.win32_2.0.0.202105311346/tools/bin/../lib/gcc/arm-none-eabi/9.3.1/../../../../arm-none-eabi/lib/thumb/v7e-m+fp/hard\libnosys.a
END GROUP
START GROUP
LOAD c:/st/stm32cubeide_1.7.0/stm32cubeide/plugins/com.st.stm32cube.ide.mcu.externaltools.gnu-tools-for-stm32.9-2020-q2-update.win32_2.0.0.202105311346/tools/bin/../lib/gcc/arm-none-eabi/9.3.1/thumb/v7e-m+fp/hard\libgcc.a
LOAD c:/st/stm32cubeide_1.7.0/stm32cubeide/plugins/com.st.stm32cube.ide.mcu.externaltools.gnu-tools-for-stm32.9-2020-q2-update.win32_2.0.0.202105311346/tools/bin/../lib/gcc/arm-none-eabi/9.3.1/../../../../arm-none-eabi/lib/thumb/v7e-m+fp/hard\libc_nano.a
LOAD c:/st/stm32cubeide_1.7.0/stm32cubeide/plugins/com.st.stm32cube.ide.mcu.externaltools.gnu-tools-for-stm32.9-2020-q2-update.win32_2.0.0.202105311346/tools/bin/../lib/gcc/arm-none-eabi/9.3.1/../../../../arm-none-eabi/lib/thumb/v7e-m+fp/hard\libnosys.a
END GROUP
LOAD c:/st/stm32cubeide_1.7.0/stm32cubeide/plugins/com.st.stm32cube.ide.mcu.externaltools.gnu-tools-for-stm32.9-2020-q2-update.win32_2.0.0.202105311346/tools/bin/../lib/gcc/arm-none-eabi/9.3.1/thumb/v7e-m+fp/hard/crtend.o
LOAD c:/st/stm32cubeide_1.7.0/stm32cubeide/plugins/com.st.stm32cube.ide.mcu.externaltools.gnu-tools-for-stm32.9-2020-q2-update.win32_2.0.0.202105311346/tools/bin/../lib/gcc/arm-none-eabi/9.3.1/thumb/v7e-m+fp/hard/crtn.o
                0x0000000020018000                _estack = (ORIGIN (RAM) + LENGTH (RAM))
                0x0000000000000200                _Min_Heap_Size = 0x200
                0x0000000000000400                _Min_Stack_Size = 0x400

.isr_vector     0x0000000008000000      0x194
                0x0000000008000000                . = ALIGN (0x4)
 *(.isr_vector)
 .isr_vector    0x0000000008000000      0x194 ./Application/Startup/startup_stm32f401retx.o
                0x0000000008000000                g_pfnVectors
                0x0000000008000194                . = ALIGN (0x4)

.text           0x0000000008000194     0x67c4
                0x0000000008000194                . = ALIGN (0x4)
 *(.text)
 .text          0x0000000008000194       0x40 c:/st/stm32cubeide_1.7.0/stm32cubeide/plugins/com.st.stm32cube.ide.mcu.externaltools.gnu-tools-for-stm32.9-2020-q2-update.win32_2.0.0.202105311346/tools/bin/../lib/gcc/arm-none-eabi/9.3.1/thumb/v7e-m+fp/hard/crtbegin.o
 .text          0x00000000080001d4       0x30 c:/st/stm32cubeide_1.7.0/stm32cubeide/plugins/com.st.stm32cube.ide.mcu.externaltools.gnu-tools-for-stm32.9-2020-q2-update.win32_2.0.0.202105311346/tools/bin/../lib/gcc/arm-none-eabi/9.3.1/thumb/v7e-m+fp/hard\libgcc.a(_aeabi_uldivmod.o)
                0x00000000080001d4                __aeabi_uldivmod
 .text          0x0000000008000204      0x2c4 c:/st/stm32cubeide_1.7.0/stm32cubeide/plugins/com.st.stm32cube.ide.mcu.externaltools.gnu-tools-for-stm32.9-2020-q2-update.win32_2.0.0.202105311346/tools/bin/../lib/gcc/arm-none-eabi/9.3.1/thumb/v7e-m+fp/hard\libgcc.a(_udivmoddi4.o)
                0x0000000008000204                __udivmoddi4
 .text          0x00000000080004c8        0x4 c:/st/stm32cubeide_1.7.0/stm32cubeide/plugins/com.st.stm32cube.ide.mcu.externaltools.gnu-tools-for-stm32.9-2020-q2-update.win32_2.0.0.202105311346/tools/bin/../lib/gcc/arm-none-eabi/9.3.1/thumb/v7e-m+fp/hard\libgcc.a(_dvmd_tls.o)
                0x00000000080004c8                __aeabi_idiv0
                0x00000000080004c8                __aeabi_ldiv0
 *(.text*)
 .text.Reset_Handler
                0x00000000080004cc       0x50 ./Application/Startup/startup_stm32f401retx.o
                0x00000000080004cc                Reset_Handler
 .text.Default_Handler
                0x000000000800051c        0x2 ./Application/Startup/startup_stm32f401retx.o
                0x000000000800051c                RTC_Alarm_IRQHandler
                0x000000000800051c                EXTI2_IRQHandler
                0x000000000800051c                DebugMon_Handler
                0x000000000800051c                SPI4_IRQHandler
                0x000000000800051c                TIM1_CC_IRQHandler
                0x000000000800051c                DMA2_Stream5_IRQHandler
                0x000000000800051c                PVD_IRQHandler
                0x000000000800051c                SDIO_IRQHandler
                0x000000000800051c                TAMP_STAMP_IRQHandler
                0x000000000800051c                PendSV_Handler
                0x000000000800051c                NMI_Handler
                0x000000000800051c                EXTI3_IRQHandler
                0x000000000800051c                I2C3_ER_IRQHandler
                0x000000000800051c                EXTI0_IRQHandler
                0x000000000800051c                I2C2_EV_IRQHandler
                0x000000000800051c                DMA1_Stream2_IRQHandler
                0x000000000800051c                FPU_IRQHandler
                0x000000000800051c                UsageFault_Handler
                0x000000000800051c                DMA2_Stream2_IRQHandler
                0x000000000800051c                SPI1_IRQHandler
                0x000000000800051c                DMA2_Stream3_IRQHandler
                0x000000000800051c                USART6_IRQHandler
                0x000000000800051c                DMA2_Stream0_IRQHandler
                0x000000000800051c                TIM4_IRQHandler
                0x000000000800051c                I2C1_EV_IRQHandler
                0x000000000800051c                DMA1_Stream6_IRQHandler
                0x000000000800051c                DMA1_Stream1_IRQHandler
                0x000000000800051c                TIM3_IRQHandler
                0x000000000800051c                RCC_IRQHandler
                0x000000000800051c                Default_Handler
                0x000000000800051c                EXTI15_10_IRQHandler
                0x000000000800051c                DMA1_Stream7_IRQHandler
                0x000000000800051c                TIM5_IRQHandler
                0x000000000800051c                DMA2_Stream7_IRQHandler
                0x000000000800051c                I2C3_EV_IRQHandler
                0x000000000800051c                EXTI9_5_IRQHandler
                0x000000000800051c                RTC_WKUP_IRQHandler
                0x000000000800051c                SPI2_IRQHandler
                0x000000000800051c                MemManage_Handler
                0x000000000800051c                DMA1_Stream0_IRQHandler
                0x000000000800051c                SVC_Handler
                0x000000000800051c                EXTI4_IRQHandler
                0x000000000800051c                WWDG_IRQHandler
                0x000000000800051c                TIM2_IRQHandler
                0x000000000800051c                OTG_FS_WKUP_IRQHandler
                0x000000000800051c                TIM1_TRG_COM_TIM11_IRQHandler
                0x000000000800051c                EXTI1_IRQHandler
                0x000000000800051c                I2C2_ER_IRQHandler
                0x000000000800051c                DMA2_Stream1_IRQHandler
                0x000000000800051c                FLASH_IRQHandler
                0x000000000800051c                DMA2_Stream4_IRQHandler
                0x000000000800051c                BusFault_Handler
                0x000000000800051c                USART1_IRQHandler
                0x000000000800051c                OTG_FS_IRQHandler
                0x000000000800051c                SPI3_IRQHandler
                0x000000000800051c                DMA1_Stream4_IRQHandler
                0x000000000800051c                I2C1_ER_IRQHandler
                0x000000000800051c                DMA2_Stream6_IRQHandler
                0x000000000800051c                DMA1_Stream3_IRQHandler
 *fill*         0x000000000800051e        0x2 
 .text.ASPEP_start
                0x0000000008000520       0x24 ./Application/User/aspep.o
                0x0000000008000520                ASPEP_start
 .text.ASPEP_sendBeacon
                0x0000000008000544       0x88 ./Application/User/aspep.o
                0x0000000008000544                ASPEP_sendBeacon
 .text.ASPEP_sendPing
                0x00000000080005cc       0x8c ./Application/User/aspep.o
                0x00000000080005cc                ASPEP_sendPing
 .text.ASPEP_getBuffer
                0x0000000008000658       0x6c ./Application/User/aspep.o
                0x0000000008000658                ASPEP_getBuffer
 .text.ASPEP_sendPacket
                0x00000000080006c4      0x10c ./Application/User/aspep.o
                0x00000000080006c4                ASPEP_sendPacket
 .text.ASPEP_HWDataTransmittedIT
                0x00000000080007d0       0xa0 ./Application/User/aspep.o
                0x00000000080007d0                ASPEP_HWDataTransmittedIT
 .text.ASPEP_RXframeProcess
                0x0000000008000870      0x2a4 ./Application/User/aspep.o
                0x0000000008000870                ASPEP_RXframeProcess
 .text.ASPEP_HWDataReceivedIT
                0x0000000008000b14       0x9c ./Application/User/aspep.o
                0x0000000008000b14                ASPEP_HWDataReceivedIT
 .text.ASPEP_HWDMAReset
                0x0000000008000bb0       0x14 ./Application/User/aspep.o
                0x0000000008000bb0                ASPEP_HWDMAReset
 .text.SystemClock_Config
                0x0000000008000bc4       0xd8 ./Application/User/main.o
                0x0000000008000bc4                SystemClock_Config
 .text.startup.main
                0x0000000008000c9c      0x90c ./Application/User/main.o
                0x0000000008000c9c                main
 .text.MC_ProfilerCommand
                0x00000000080015a8        0x4 ./Application/User/mc_api.o
                0x00000000080015a8                MC_ProfilerCommand
 .text.MC_APP_BootHook
                0x00000000080015ac        0x4 ./Application/User/mc_app_hooks.o
                0x00000000080015ac                MC_APP_BootHook
 .text.MC_APP_PostMediumFrequencyHook_M1
                0x00000000080015b0        0x4 ./Application/User/mc_app_hooks.o
                0x00000000080015b0                MC_APP_PostMediumFrequencyHook_M1
 .text.MCI_Init
                0x00000000080015b4       0x20 ./Application/User/mc_interface.o
                0x00000000080015b4                MCI_Init
 .text.MCI_ExecSpeedRamp
                0x00000000080015d4       0x18 ./Application/User/mc_interface.o
                0x00000000080015d4                MCI_ExecSpeedRamp
 .text.MCI_ExecTorqueRamp
                0x00000000080015ec       0x18 ./Application/User/mc_interface.o
                0x00000000080015ec                MCI_ExecTorqueRamp
 .text.MCI_SetCurrentReferences
                0x0000000008001604       0x14 ./Application/User/mc_interface.o
                0x0000000008001604                MCI_SetCurrentReferences
 .text.MCI_FaultProcessing
                0x0000000008001618       0x18 ./Application/User/mc_interface.o
                0x0000000008001618                MCI_FaultProcessing
 .text.MCI_ExecBufferedCommands
                0x0000000008001630       0x74 ./Application/User/mc_interface.o
                0x0000000008001630                MCI_ExecBufferedCommands
 .text.MCI_GetSTMState
                0x00000000080016a4        0x4 ./Application/User/mc_interface.o
                0x00000000080016a4                MCI_GetSTMState
 .text.MCI_GetOccurredFaults
                0x00000000080016a8        0x4 ./Application/User/mc_interface.o
                0x00000000080016a8                MCI_GetOccurredFaults
 .text.MCI_GetCurrentFaults
                0x00000000080016ac        0x4 ./Application/User/mc_interface.o
                0x00000000080016ac                MCI_GetCurrentFaults
 .text.MCI_StartMotor
                0x00000000080016b0       0x2c ./Application/User/mc_interface.o
                0x00000000080016b0                MCI_StartMotor
 .text.MCI_StopMotor
                0x00000000080016dc       0x40 ./Application/User/mc_interface.o
                0x00000000080016dc                MCI_StopMotor
 .text.MCI_FaultAcknowledged
                0x000000000800171c       0x24 ./Application/User/mc_interface.o
                0x000000000800171c                MCI_FaultAcknowledged
 .text.MCI_GetFaultState
                0x0000000008001740        0xc ./Application/User/mc_interface.o
                0x0000000008001740                MCI_GetFaultState
 .text.MCI_GetControlMode
                0x000000000800174c        0x4 ./Application/User/mc_interface.o
                0x000000000800174c                MCI_GetControlMode
 .text.MCI_GetImposedMotorDirection
                0x0000000008001750       0x44 ./Application/User/mc_interface.o
                0x0000000008001750                MCI_GetImposedMotorDirection
 .text.MCI_GetLastRampFinalSpeed
                0x0000000008001794        0x8 ./Application/User/mc_interface.o
                0x0000000008001794                MCI_GetLastRampFinalSpeed
 .text.MCI_GetLastRampFinalTorque
                0x000000000800179c        0x8 ./Application/User/mc_interface.o
                0x000000000800179c                MCI_GetLastRampFinalTorque
 .text.MCI_GetLastRampFinalDuration
                0x00000000080017a4        0x4 ./Application/User/mc_interface.o
                0x00000000080017a4                MCI_GetLastRampFinalDuration
 .text.MCI_StopRamp
                0x00000000080017a8        0x8 ./Application/User/mc_interface.o
                0x00000000080017a8                MCI_StopRamp
 .text.MCI_GetAvrgMecSpeedUnit
                0x00000000080017b0       0x10 ./Application/User/mc_interface.o
                0x00000000080017b0                MCI_GetAvrgMecSpeedUnit
 .text.MCI_GetMecSpeedRefUnit
                0x00000000080017c0        0x8 ./Application/User/mc_interface.o
                0x00000000080017c0                MCI_GetMecSpeedRefUnit
 .text.MCI_GetIab
                0x00000000080017c8       0x1c ./Application/User/mc_interface.o
                0x00000000080017c8                MCI_GetIab
 .text.MCI_GetIalphabeta
                0x00000000080017e4       0x1c ./Application/User/mc_interface.o
                0x00000000080017e4                MCI_GetIalphabeta
 .text.MCI_GetIqd
                0x0000000008001800       0x1c ./Application/User/mc_interface.o
                0x0000000008001800                MCI_GetIqd
 .text.MCI_GetIqdref
                0x000000000800181c       0x1c ./Application/User/mc_interface.o
                0x000000000800181c                MCI_GetIqdref
 .text.MCI_GetVqd
                0x0000000008001838       0x1c ./Application/User/mc_interface.o
                0x0000000008001838                MCI_GetVqd
 .text.MCI_GetValphabeta
                0x0000000008001854       0x1c ./Application/User/mc_interface.o
                0x0000000008001854                MCI_GetValphabeta
 .text.MCI_GetTeref
                0x0000000008001870        0x8 ./Application/User/mc_interface.o
                0x0000000008001870                MCI_GetTeref
 .text.MCI_Clear_Iqdref
                0x0000000008001878       0x14 ./Application/User/mc_interface.o
                0x0000000008001878                MCI_Clear_Iqdref
 .text.MCM_Clarke
                0x000000000800188c       0x54 ./Application/User/mc_math.o
                0x000000000800188c                MCM_Clarke
 .text.MCM_Trig_Functions
                0x00000000080018e0       0x98 ./Application/User/mc_math.o
                0x00000000080018e0                MCM_Trig_Functions
 .text.MCM_Park
                0x0000000008001978       0x84 ./Application/User/mc_math.o
                0x0000000008001978                MCM_Park
 .text.MCM_Rev_Park
                0x00000000080019fc       0x40 ./Application/User/mc_math.o
                0x00000000080019fc                MCM_Rev_Park
 .text.MCM_Sqrt
                0x0000000008001a3c       0x74 ./Application/User/mc_math.o
                0x0000000008001a3c                MCM_Sqrt
 .text.FOC_Clear
                0x0000000008001ab0       0x98 ./Application/User/mc_tasks.o
                0x0000000008001ab0                FOC_Clear
 .text.MCboot   0x0000000008001b48      0x168 ./Application/User/mc_tasks.o
                0x0000000008001b48                MCboot
 .text.FOC_InitAdditionalMethods
                0x0000000008001cb0       0x18 ./Application/User/mc_tasks.o
                0x0000000008001cb0                FOC_InitAdditionalMethods
 .text.FOC_CalcCurrRef
                0x0000000008001cc8       0x4c ./Application/User/mc_tasks.o
                0x0000000008001cc8                FOC_CalcCurrRef
 .text.TSK_SetChargeBootCapDelayM1
                0x0000000008001d14        0xc ./Application/User/mc_tasks.o
                0x0000000008001d14                TSK_SetChargeBootCapDelayM1
 .text.TSK_ChargeBootCapDelayHasElapsedM1
                0x0000000008001d20       0x14 ./Application/User/mc_tasks.o
                0x0000000008001d20                TSK_ChargeBootCapDelayHasElapsedM1
 .text.TSK_SetStopPermanencyTimeM1
                0x0000000008001d34        0xc ./Application/User/mc_tasks.o
                0x0000000008001d34                TSK_SetStopPermanencyTimeM1
 .text.TSK_StopPermanencyTimeHasElapsedM1
                0x0000000008001d40       0x14 ./Application/User/mc_tasks.o
                0x0000000008001d40                TSK_StopPermanencyTimeHasElapsedM1
 .text.TSK_MediumFrequencyTaskM1
                0x0000000008001d54      0x354 ./Application/User/mc_tasks.o
                0x0000000008001d54                TSK_MediumFrequencyTaskM1
 .text.MC_Scheduler
                0x00000000080020a8       0x8c ./Application/User/mc_tasks.o
                0x00000000080020a8                MC_Scheduler
 .text.TSK_HighFrequencyTask
                0x0000000008002134      0x1b8 ./Application/User/mc_tasks.o
                0x0000000008002134                TSK_HighFrequencyTask
 .text.TSK_SafetyTask_PWMOFF
                0x00000000080022ec       0xc0 ./Application/User/mc_tasks.o
                0x00000000080022ec                TSK_SafetyTask_PWMOFF
 .text.TSK_SafetyTask
                0x00000000080023ac       0x20 ./Application/User/mc_tasks.o
                0x00000000080023ac                TSK_SafetyTask
 .text.MC_RunMotorControlTasks
                0x00000000080023cc       0x18 ./Application/User/mc_tasks.o
                0x00000000080023cc                MC_RunMotorControlTasks
 .text.TSK_HardwareFaultTask
                0x00000000080023e4       0x20 ./Application/User/mc_tasks.o
                0x00000000080023e4                TSK_HardwareFaultTask
 .text.mc_lock_pins
                0x0000000008002404      0x104 ./Application/User/mc_tasks.o
                0x0000000008002404                mc_lock_pins
 .text.MX_MotorControl_Init
                0x0000000008002508       0x3c ./Application/User/motorcontrol.o
                0x0000000008002508                MX_MotorControl_Init
 .text.PWMC_GetPhaseCurrents
                0x0000000008002544        0x4 ./Application/User/pwm_curr_fdbk.o
                0x0000000008002544                PWMC_GetPhaseCurrents
 .text.PWMC_SetPhaseVoltage
                0x0000000008002548      0x270 ./Application/User/pwm_curr_fdbk.o
                0x0000000008002548                PWMC_SetPhaseVoltage
 .text.PWMC_SwitchOffPWM
                0x00000000080027b8        0x4 ./Application/User/pwm_curr_fdbk.o
                0x00000000080027b8                PWMC_SwitchOffPWM
 .text.PWMC_SwitchOnPWM
                0x00000000080027bc        0x4 ./Application/User/pwm_curr_fdbk.o
                0x00000000080027bc                PWMC_SwitchOnPWM
 .text.PWMC_CurrentReadingCalibr
                0x00000000080027c0       0x48 ./Application/User/pwm_curr_fdbk.o
                0x00000000080027c0                PWMC_CurrentReadingCalibr
 .text.PWMC_CheckOverCurrent
                0x0000000008002808        0x4 ./Application/User/pwm_curr_fdbk.o
                0x0000000008002808                PWMC_CheckOverCurrent
 .text.RI_SetRegCommandParser
                0x000000000800280c      0x71c ./Application/User/register_interface.o
                0x000000000800280c                RI_SetRegCommandParser
 .text.RI_GetRegCommandParser
                0x0000000008002f28      0x970 ./Application/User/register_interface.o
                0x0000000008002f28                RI_GetRegCommandParser
 .text.RI_GetIDSize
                0x0000000008003898       0x18 ./Application/User/register_interface.o
                0x0000000008003898                RI_GetIDSize
 .text.RI_GetPtrReg
                0x00000000080038b0      0x144 ./Application/User/register_interface.o
                0x00000000080038b0                RI_GetPtrReg
 .text.RCM_RegisterRegConv
                0x00000000080039f4      0x1a4 ./Application/User/regular_conversion_manager.o
                0x00000000080039f4                RCM_RegisterRegConv
 .text.RCM_ExecRegularConv
                0x0000000008003b98       0x74 ./Application/User/regular_conversion_manager.o
                0x0000000008003b98                RCM_ExecRegularConv
 .text.RCM_ExecUserConv
                0x0000000008003c0c       0x50 ./Application/User/regular_conversion_manager.o
                0x0000000008003c0c                RCM_ExecUserConv
 .text.HAL_MspInit
                0x0000000008003c5c       0x3c ./Application/User/stm32f4xx_hal_msp.o
                0x0000000008003c5c                HAL_MspInit
 .text.ADC_IRQHandler
                0x0000000008003c98       0x1c ./Application/User/stm32f4xx_mc_it.o
                0x0000000008003c98                ADC_IRQHandler
 .text.TIM1_UP_TIM10_IRQHandler
                0x0000000008003cb4       0x18 ./Application/User/stm32f4xx_mc_it.o
                0x0000000008003cb4                TIM1_UP_TIM10_IRQHandler
 .text.TIM1_BRK_TIM9_IRQHandler
                0x0000000008003ccc       0x28 ./Application/User/stm32f4xx_mc_it.o
                0x0000000008003ccc                TIM1_BRK_TIM9_IRQHandler
 .text.DMA1_Stream5_IRQHandler
                0x0000000008003cf4       0x24 ./Application/User/stm32f4xx_mc_it.o
                0x0000000008003cf4                DMA1_Stream5_IRQHandler
 .text.USART2_IRQHandler
                0x0000000008003d18      0x118 ./Application/User/stm32f4xx_mc_it.o
                0x0000000008003d18                USART2_IRQHandler
 .text.HardFault_Handler
                0x0000000008003e30        0x8 ./Application/User/stm32f4xx_mc_it.o
                0x0000000008003e30                HardFault_Handler
 .text.SysTick_Handler
                0x0000000008003e38       0x30 ./Application/User/stm32f4xx_mc_it.o
                0x0000000008003e38                SysTick_Handler
 .text.UASPEP_INIT
                0x0000000008003e68       0x94 ./Application/User/usart_aspep_driver.o
                0x0000000008003e68                UASPEP_INIT
 .text.UASPEP_SEND_PACKET
                0x0000000008003efc       0x74 ./Application/User/usart_aspep_driver.o
                0x0000000008003efc                UASPEP_SEND_PACKET
 .text.UASPEP_RECEIVE_BUFFER
                0x0000000008003f70       0x28 ./Application/User/usart_aspep_driver.o
                0x0000000008003f70                UASPEP_RECEIVE_BUFFER
 .text.UASPEP_IDLE_ENABLE
                0x0000000008003f98       0x28 ./Application/User/usart_aspep_driver.o
                0x0000000008003f98                UASPEP_IDLE_ENABLE
 .text.SystemInit
                0x0000000008003fc0       0x14 ./Drivers/CMSIS/system_stm32f4xx.o
                0x0000000008003fc0                SystemInit
 .text.HAL_InitTick
                0x0000000008003fd4       0x48 ./Drivers/STM32F4xx_HAL_Driver/stm32f4xx_hal.o
                0x0000000008003fd4                HAL_InitTick
 .text.HAL_Init
                0x000000000800401c       0x34 ./Drivers/STM32F4xx_HAL_Driver/stm32f4xx_hal.o
                0x000000000800401c                HAL_Init
 .text.HAL_IncTick
                0x0000000008004050       0x18 ./Drivers/STM32F4xx_HAL_Driver/stm32f4xx_hal.o
                0x0000000008004050                HAL_IncTick
 .text.HAL_NVIC_SetPriorityGrouping
                0x0000000008004068       0x28 ./Drivers/STM32F4xx_HAL_Driver/stm32f4xx_hal_cortex.o
                0x0000000008004068                HAL_NVIC_SetPriorityGrouping
 .text.HAL_NVIC_SetPriority
                0x0000000008004090       0x70 ./Drivers/STM32F4xx_HAL_Driver/stm32f4xx_hal_cortex.o
                0x0000000008004090                HAL_NVIC_SetPriority
 .text.HAL_SYSTICK_Config
                0x0000000008004100       0x34 ./Drivers/STM32F4xx_HAL_Driver/stm32f4xx_hal_cortex.o
                0x0000000008004100                HAL_SYSTICK_Config
 .text.HAL_SYSTICK_Callback
                0x0000000008004134        0x4 ./Drivers/STM32F4xx_HAL_Driver/stm32f4xx_hal_cortex.o
                0x0000000008004134                HAL_SYSTICK_Callback
 .text.HAL_SYSTICK_IRQHandler
                0x0000000008004138        0x8 ./Drivers/STM32F4xx_HAL_Driver/stm32f4xx_hal_cortex.o
                0x0000000008004138                HAL_SYSTICK_IRQHandler
 .text.HAL_RCC_GetHCLKFreq
                0x0000000008004140        0xc ./Drivers/STM32F4xx_HAL_Driver/stm32f4xx_hal_rcc.o
                0x0000000008004140                HAL_RCC_GetHCLKFreq
 .text.LL_ADC_CommonInit
                0x000000000800414c       0x2c ./Drivers/STM32F4xx_HAL_Driver/stm32f4xx_ll_adc.o
                0x000000000800414c                LL_ADC_CommonInit
 .text.LL_ADC_Init
                0x0000000008004178       0x34 ./Drivers/STM32F4xx_HAL_Driver/stm32f4xx_ll_adc.o
                0x0000000008004178                LL_ADC_Init
 .text.LL_ADC_REG_Init
                0x00000000080041ac       0x50 ./Drivers/STM32F4xx_HAL_Driver/stm32f4xx_ll_adc.o
                0x00000000080041ac                LL_ADC_REG_Init
 .text.LL_ADC_INJ_Init
                0x00000000080041fc       0x50 ./Drivers/STM32F4xx_HAL_Driver/stm32f4xx_ll_adc.o
                0x00000000080041fc                LL_ADC_INJ_Init
 .text.LL_GPIO_Init
                0x000000000800424c      0x148 ./Drivers/STM32F4xx_HAL_Driver/stm32f4xx_ll_gpio.o
                0x000000000800424c                LL_GPIO_Init
 .text.LL_RCC_GetSystemClocksFreq
                0x0000000008004394       0x94 ./Drivers/STM32F4xx_HAL_Driver/stm32f4xx_ll_rcc.o
                0x0000000008004394                LL_RCC_GetSystemClocksFreq
 .text.LL_TIM_Init
                0x0000000008004428       0x98 ./Drivers/STM32F4xx_HAL_Driver/stm32f4xx_ll_tim.o
                0x0000000008004428                LL_TIM_Init
 .text.LL_TIM_OC_Init
                0x00000000080044c0      0x1bc ./Drivers/STM32F4xx_HAL_Driver/stm32f4xx_ll_tim.o
                0x00000000080044c0                LL_TIM_OC_Init
 .text.LL_TIM_BDTR_Init
                0x000000000800467c       0x38 ./Drivers/STM32F4xx_HAL_Driver/stm32f4xx_ll_tim.o
                0x000000000800467c                LL_TIM_BDTR_Init
 .text.LL_USART_Init
                0x00000000080046b4      0x100 ./Drivers/STM32F4xx_HAL_Driver/stm32f4xx_ll_usart.o
                0x00000000080046b4                LL_USART_Init
 .text.LL_SetSystemCoreClock
                0x00000000080047b4        0xc ./Drivers/STM32F4xx_HAL_Driver/stm32f4xx_ll_utils.o
                0x00000000080047b4                LL_SetSystemCoreClock
 .text.VBS_GetAvBusVoltage_d
                0x00000000080047c0        0x4 ./Middlewares/MotorControl/bus_voltage_sensor.o
                0x00000000080047c0                VBS_GetAvBusVoltage_d
 .text.VBS_GetAvBusVoltage_V
                0x00000000080047c4        0xc ./Middlewares/MotorControl/bus_voltage_sensor.o
                0x00000000080047c4                VBS_GetAvBusVoltage_V
 .text.VBS_CheckVbus
                0x00000000080047d0        0x4 ./Middlewares/MotorControl/bus_voltage_sensor.o
                0x00000000080047d0                VBS_CheckVbus
 .text.Circle_Limitation
                0x00000000080047d4       0x60 ./Middlewares/MotorControl/circle_limitation.o
                0x00000000080047d4                Circle_Limitation
 .text.DOUT_SetOutputState
                0x0000000008004834       0x24 ./Middlewares/MotorControl/digital_output.o
                0x0000000008004834                DOUT_SetOutputState
 .text.FF_Init  0x0000000008004858       0x18 ./Middlewares/MotorControl/feed_forward_ctrl.o
                0x0000000008004858                FF_Init
 .text.FF_Clear
                0x0000000008004870        0x8 ./Middlewares/MotorControl/feed_forward_ctrl.o
                0x0000000008004870                FF_Clear
 .text.FF_VqdffComputation
                0x0000000008004878       0xb8 ./Middlewares/MotorControl/feed_forward_ctrl.o
                0x0000000008004878                FF_VqdffComputation
 .text.FF_VqdConditioning
                0x0000000008004930       0x50 ./Middlewares/MotorControl/feed_forward_ctrl.o
                0x0000000008004930                FF_VqdConditioning
 .text.FF_DataProcess
                0x0000000008004980       0x2c ./Middlewares/MotorControl/feed_forward_ctrl.o
                0x0000000008004980                FF_DataProcess
 .text.FF_InitFOCAdditionalMethods
                0x00000000080049ac       0x1c ./Middlewares/MotorControl/feed_forward_ctrl.o
                0x00000000080049ac                FF_InitFOCAdditionalMethods
 .text.FF_GetVqdff
                0x00000000080049c8       0x18 ./Middlewares/MotorControl/feed_forward_ctrl.o
                0x00000000080049c8                FF_GetVqdff
 .text.FF_GetVqdAvPIout
                0x00000000080049e0       0x18 ./Middlewares/MotorControl/feed_forward_ctrl.o
                0x00000000080049e0                FF_GetVqdAvPIout
 .text.ICL_Init
                0x00000000080049f8       0x10 ./Middlewares/MotorControl/inrush_current_limiter.o
                0x00000000080049f8                ICL_Init
 .text.ICL_Exec
                0x0000000008004a08       0x7c ./Middlewares/MotorControl/inrush_current_limiter.o
                0x0000000008004a08                ICL_Exec
 .text.MCP_ReceivedPacket
                0x0000000008004a84      0x180 ./Middlewares/MotorControl/mcp.o
                0x0000000008004a84                MCP_ReceivedPacket
 .text.MCPA_dataLog
                0x0000000008004c04      0x188 ./Middlewares/MotorControl/mcpa.o
                0x0000000008004c04                MCPA_dataLog
 .text.MCPA_flushDataLog
                0x0000000008004d8c       0x5c ./Middlewares/MotorControl/mcpa.o
                0x0000000008004d8c                MCPA_flushDataLog
 .text.MCPA_cfgLog
                0x0000000008004de8       0xe8 ./Middlewares/MotorControl/mcpa.o
                0x0000000008004de8                MCPA_cfgLog
 .text.NTC_SetFaultState
                0x0000000008004ed0       0x1c ./Middlewares/MotorControl/ntc_temperature_sensor.o
                0x0000000008004ed0                NTC_SetFaultState
 .text.NTC_Clear
                0x0000000008004eec        0x8 ./Middlewares/MotorControl/ntc_temperature_sensor.o
                0x0000000008004eec                NTC_Clear
 .text.NTC_Init
                0x0000000008004ef4       0x24 ./Middlewares/MotorControl/ntc_temperature_sensor.o
                0x0000000008004ef4                NTC_Init
 .text.NTC_CalcAvTemp
                0x0000000008004f18       0x38 ./Middlewares/MotorControl/ntc_temperature_sensor.o
                0x0000000008004f18                NTC_CalcAvTemp
 .text.NTC_GetAvTemp_C
                0x0000000008004f50       0x24 ./Middlewares/MotorControl/ntc_temperature_sensor.o
                0x0000000008004f50                NTC_GetAvTemp_C
 .text.PID_HandleInit
                0x0000000008004f74       0x10 ./Middlewares/MotorControl/pid_regulator.o
                0x0000000008004f74                PID_HandleInit
 .text.PID_SetKP
                0x0000000008004f84        0x4 ./Middlewares/MotorControl/pid_regulator.o
                0x0000000008004f84                PID_SetKP
 .text.PID_SetKI
                0x0000000008004f88        0x4 ./Middlewares/MotorControl/pid_regulator.o
                0x0000000008004f88                PID_SetKI
 .text.PID_GetKP
                0x0000000008004f8c        0x8 ./Middlewares/MotorControl/pid_regulator.o
                0x0000000008004f8c                PID_GetKP
 .text.PID_GetKI
                0x0000000008004f94        0x8 ./Middlewares/MotorControl/pid_regulator.o
                0x0000000008004f94                PID_GetKI
 .text.PID_SetIntegralTerm
                0x0000000008004f9c        0x4 ./Middlewares/MotorControl/pid_regulator.o
                0x0000000008004f9c                PID_SetIntegralTerm
 .text.PID_GetKPDivisorPOW2
                0x0000000008004fa0        0x4 ./Middlewares/MotorControl/pid_regulator.o
                0x0000000008004fa0                PID_GetKPDivisorPOW2
 .text.PID_SetKPDivisorPOW2
                0x0000000008004fa4        0xc ./Middlewares/MotorControl/pid_regulator.o
                0x0000000008004fa4                PID_SetKPDivisorPOW2
 .text.PID_GetKIDivisor
                0x0000000008004fb0        0x4 ./Middlewares/MotorControl/pid_regulator.o
                0x0000000008004fb0                PID_GetKIDivisor
 .text.PID_GetKIDivisorPOW2
                0x0000000008004fb4        0x4 ./Middlewares/MotorControl/pid_regulator.o
                0x0000000008004fb4                PID_GetKIDivisorPOW2
 .text.PID_SetLowerIntegralTermLimit
                0x0000000008004fb8        0x4 ./Middlewares/MotorControl/pid_regulator.o
                0x0000000008004fb8                PID_SetLowerIntegralTermLimit
 .text.PID_SetUpperIntegralTermLimit
                0x0000000008004fbc        0x4 ./Middlewares/MotorControl/pid_regulator.o
                0x0000000008004fbc                PID_SetUpperIntegralTermLimit
 .text.PID_SetKIDivisorPOW2
                0x0000000008004fc0       0x28 ./Middlewares/MotorControl/pid_regulator.o
                0x0000000008004fc0                PID_SetKIDivisorPOW2
 .text.PID_SetKD
                0x0000000008004fe8        0x4 ./Middlewares/MotorControl/pid_regulator.o
                0x0000000008004fe8                PID_SetKD
 .text.PID_GetKD
                0x0000000008004fec        0x8 ./Middlewares/MotorControl/pid_regulator.o
                0x0000000008004fec                PID_GetKD
 .text.PID_GetKDDivisorPOW2
                0x0000000008004ff4        0x4 ./Middlewares/MotorControl/pid_regulator.o
                0x0000000008004ff4                PID_GetKDDivisorPOW2
 .text.PID_SetKDDivisorPOW2
                0x0000000008004ff8        0xc ./Middlewares/MotorControl/pid_regulator.o
                0x0000000008004ff8                PID_SetKDDivisorPOW2
 .text.PI_Controller
                0x0000000008005004       0x8c ./Middlewares/MotorControl/pid_regulator.o
                0x0000000008005004                PI_Controller
 .text.PQD_CalcElMotorPower
                0x0000000008005090       0x30 ./Middlewares/MotorControl/pqd_motor_power_measurement.o
                0x0000000008005090                PQD_CalcElMotorPower
 .text.PQD_Clear
                0x00000000080050c0        0x8 ./Middlewares/MotorControl/pqd_motor_power_measurement.o
                0x00000000080050c0                PQD_Clear
 .text.PQD_GetAvrgElMotorPowerW
                0x00000000080050c8       0x24 ./Middlewares/MotorControl/pqd_motor_power_measurement.o
                0x00000000080050c8                PQD_GetAvrgElMotorPowerW
 .text.startTimers
                0x00000000080050ec       0x64 ./Middlewares/MotorControl/pwm_common.o
                0x00000000080050ec                startTimers
 .text.waitForPolarizationEnd
                0x0000000008005150       0x38 ./Middlewares/MotorControl/pwm_common.o
                0x0000000008005150                waitForPolarizationEnd
 .text.R3_1_GetPhaseCurrents
                0x0000000008005188      0x178 ./Middlewares/MotorControl/r3_1_f4xx_pwm_curr_fdbk.o
                0x0000000008005188                R3_1_GetPhaseCurrents
 .text.R3_1_HFCurrentsCalibrationAB
                0x0000000008005300       0x40 ./Middlewares/MotorControl/r3_1_f4xx_pwm_curr_fdbk.o
                0x0000000008005300                R3_1_HFCurrentsCalibrationAB
 .text.R3_1_HFCurrentsCalibrationC
                0x0000000008005340       0x38 ./Middlewares/MotorControl/r3_1_f4xx_pwm_curr_fdbk.o
                0x0000000008005340                R3_1_HFCurrentsCalibrationC
 .text.R3_1_TurnOnLowSides
                0x0000000008005378       0x50 ./Middlewares/MotorControl/r3_1_f4xx_pwm_curr_fdbk.o
                0x0000000008005378                R3_1_TurnOnLowSides
 .text.R3_1_SwitchOnPWM
                0x00000000080053c8       0x94 ./Middlewares/MotorControl/r3_1_f4xx_pwm_curr_fdbk.o
                0x00000000080053c8                R3_1_SwitchOnPWM
 .text.R3_1_SwitchOffPWM
                0x000000000800545c       0x5c ./Middlewares/MotorControl/r3_1_f4xx_pwm_curr_fdbk.o
                0x000000000800545c                R3_1_SwitchOffPWM
 .text.R3_1_RLGetPhaseCurrents
                0x00000000080054b8       0x4c ./Middlewares/MotorControl/r3_1_f4xx_pwm_curr_fdbk.o
                0x00000000080054b8                R3_1_RLGetPhaseCurrents
 .text.R3_1_RLTurnOnLowSides
                0x0000000008005504       0x48 ./Middlewares/MotorControl/r3_1_f4xx_pwm_curr_fdbk.o
                0x0000000008005504                R3_1_RLTurnOnLowSides
 .text.R3_1_RLSwitchOnPWM
                0x000000000800554c       0xa8 ./Middlewares/MotorControl/r3_1_f4xx_pwm_curr_fdbk.o
                0x000000000800554c                R3_1_RLSwitchOnPWM
 .text.R3_1_Init
                0x00000000080055f4       0xa4 ./Middlewares/MotorControl/r3_1_f4xx_pwm_curr_fdbk.o
                0x00000000080055f4                R3_1_Init
 .text.R3_1_SetOffsetCalib
                0x0000000008005698       0x1c ./Middlewares/MotorControl/r3_1_f4xx_pwm_curr_fdbk.o
                0x0000000008005698                R3_1_SetOffsetCalib
 .text.R3_1_GetOffsetCalib
                0x00000000080056b4       0x10 ./Middlewares/MotorControl/r3_1_f4xx_pwm_curr_fdbk.o
                0x00000000080056b4                R3_1_GetOffsetCalib
 .text.R3_1_CurrentReadingCalibration
                0x00000000080056c4      0x118 ./Middlewares/MotorControl/r3_1_f4xx_pwm_curr_fdbk.o
                0x00000000080056c4                R3_1_CurrentReadingCalibration
 .text.R3_1_WriteTIMRegisters
                0x00000000080057dc       0x34 ./Middlewares/MotorControl/r3_1_f4xx_pwm_curr_fdbk.o
                0x00000000080057dc                R3_1_WriteTIMRegisters
 .text.R3_1_SetADCSampPointCalibration
                0x0000000008005810       0x20 ./Middlewares/MotorControl/r3_1_f4xx_pwm_curr_fdbk.o
                0x0000000008005810                R3_1_SetADCSampPointCalibration
 .text.R3_1_SetADCSampPointSectX
                0x0000000008005830       0x60 ./Middlewares/MotorControl/r3_1_f4xx_pwm_curr_fdbk.o
                0x0000000008005830                R3_1_SetADCSampPointSectX
 .text.R3_1_TIMx_UP_IRQHandler
                0x0000000008005890       0x44 ./Middlewares/MotorControl/r3_1_f4xx_pwm_curr_fdbk.o
                0x0000000008005890                R3_1_TIMx_UP_IRQHandler
 .text.R3_1_BRK_IRQHandler
                0x00000000080058d4       0x44 ./Middlewares/MotorControl/r3_1_f4xx_pwm_curr_fdbk.o
                0x00000000080058d4                R3_1_BRK_IRQHandler
 .text.R3_1_IsOverCurrentOccurred
                0x0000000008005918       0x14 ./Middlewares/MotorControl/r3_1_f4xx_pwm_curr_fdbk.o
                0x0000000008005918                R3_1_IsOverCurrentOccurred
 .text.R3_1_RLDetectionModeEnable
                0x000000000800592c       0xc0 ./Middlewares/MotorControl/r3_1_f4xx_pwm_curr_fdbk.o
                0x000000000800592c                R3_1_RLDetectionModeEnable
 .text.R3_1_RLDetectionModeDisable
                0x00000000080059ec      0x100 ./Middlewares/MotorControl/r3_1_f4xx_pwm_curr_fdbk.o
                0x00000000080059ec                R3_1_RLDetectionModeDisable
 .text.R3_1_RLDetectionModeSetDuty
                0x0000000008005aec       0x38 ./Middlewares/MotorControl/r3_1_f4xx_pwm_curr_fdbk.o
                0x0000000008005aec                R3_1_RLDetectionModeSetDuty
 .text.RVBS_Clear
                0x0000000008005b24       0x38 ./Middlewares/MotorControl/r_divider_bus_voltage_sensor.o
                0x0000000008005b24                RVBS_Clear
 .text.RVBS_Init
                0x0000000008005b5c       0x18 ./Middlewares/MotorControl/r_divider_bus_voltage_sensor.o
                0x0000000008005b5c                RVBS_Init
 .text.RVBS_CheckFaultState
                0x0000000008005b74       0x5c ./Middlewares/MotorControl/r_divider_bus_voltage_sensor.o
                0x0000000008005b74                RVBS_CheckFaultState
 .text.RVBS_CalcAvVbus
                0x0000000008005bd0       0x64 ./Middlewares/MotorControl/r_divider_bus_voltage_sensor.o
                0x0000000008005bd0                RVBS_CalcAvVbus
 .text.REMNG_Init
                0x0000000008005c34       0x10 ./Middlewares/MotorControl/ramp_ext_mngr.o
                0x0000000008005c34                REMNG_Init
 .text.REMNG_Calc
                0x0000000008005c44       0x44 ./Middlewares/MotorControl/ramp_ext_mngr.o
                0x0000000008005c44                REMNG_Calc
 .text.REMNG_RampCompleted
                0x0000000008005c88        0xc ./Middlewares/MotorControl/ramp_ext_mngr.o
                0x0000000008005c88                REMNG_RampCompleted
 .text.getScalingFactor
                0x0000000008005c94       0x2c ./Middlewares/MotorControl/ramp_ext_mngr.o
                0x0000000008005c94                getScalingFactor
 .text.REMNG_ExecRamp
                0x0000000008005cc0       0x84 ./Middlewares/MotorControl/ramp_ext_mngr.o
                0x0000000008005cc0                REMNG_ExecRamp
 .text.RUC_Init
                0x0000000008005d44       0x6c ./Middlewares/MotorControl/revup_ctrl.o
                0x0000000008005d44                RUC_Init
 .text.RUC_Clear
                0x0000000008005db0       0x88 ./Middlewares/MotorControl/revup_ctrl.o
                0x0000000008005db0                RUC_Clear
 .text.RUC_Exec
                0x0000000008005e38       0x6c ./Middlewares/MotorControl/revup_ctrl.o
                0x0000000008005e38                RUC_Exec
 .text.RUC_FirstAccelerationStageReached
                0x0000000008005ea4       0x14 ./Middlewares/MotorControl/revup_ctrl.o
                0x0000000008005ea4                RUC_FirstAccelerationStageReached
 .text.RUC_SetPhase
                0x0000000008005eb8       0x20 ./Middlewares/MotorControl/revup_ctrl.o
                0x0000000008005eb8                RUC_SetPhase
 .text.RUC_GetNumberOfPhases
                0x0000000008005ed8        0x8 ./Middlewares/MotorControl/revup_ctrl.o
                0x0000000008005ed8                RUC_GetNumberOfPhases
 .text.RUC_GetPhase
                0x0000000008005ee0       0x20 ./Middlewares/MotorControl/revup_ctrl.o
                0x0000000008005ee0                RUC_GetPhase
 .text.SPD_GetElAngle
                0x0000000008005f00        0x8 ./Middlewares/MotorControl/speed_pos_fdbk.o
                0x0000000008005f00                SPD_GetElAngle
 .text.SPD_GetAvrgMecSpeedUnit
                0x0000000008005f08        0x8 ./Middlewares/MotorControl/speed_pos_fdbk.o
                0x0000000008005f08                SPD_GetAvrgMecSpeedUnit
 .text.SPD_GetElSpeedDpp
                0x0000000008005f10        0x8 ./Middlewares/MotorControl/speed_pos_fdbk.o
                0x0000000008005f10                SPD_GetElSpeedDpp
 .text.SPD_GetInstElSpeedDpp
                0x0000000008005f18        0x8 ./Middlewares/MotorControl/speed_pos_fdbk.o
                0x0000000008005f18                SPD_GetInstElSpeedDpp
 .text.SPD_IsMecSpeedReliable
                0x0000000008005f20       0x58 ./Middlewares/MotorControl/speed_pos_fdbk.o
                0x0000000008005f20                SPD_IsMecSpeedReliable
 .text.SPD_GetS16Speed
                0x0000000008005f78       0x14 ./Middlewares/MotorControl/speed_pos_fdbk.o
                0x0000000008005f78                SPD_GetS16Speed
 .text.STC_Init
                0x0000000008005f8c       0x28 ./Middlewares/MotorControl/speed_torq_ctrl.o
                0x0000000008005f8c                STC_Init
 .text.STC_SetSpeedSensor
                0x0000000008005fb4        0x4 ./Middlewares/MotorControl/speed_torq_ctrl.o
                0x0000000008005fb4                STC_SetSpeedSensor
 .text.STC_GetSpeedSensor
                0x0000000008005fb8        0x4 ./Middlewares/MotorControl/speed_torq_ctrl.o
                0x0000000008005fb8                STC_GetSpeedSensor
 .text.STC_Clear
                0x0000000008005fbc       0x10 ./Middlewares/MotorControl/speed_torq_ctrl.o
                0x0000000008005fbc                STC_Clear
 .text.STC_GetMecSpeedRefUnit
                0x0000000008005fcc        0x8 ./Middlewares/MotorControl/speed_torq_ctrl.o
                0x0000000008005fcc                STC_GetMecSpeedRefUnit
 .text.STC_GetTorqueRef
                0x0000000008005fd4        0x8 ./Middlewares/MotorControl/speed_torq_ctrl.o
                0x0000000008005fd4                STC_GetTorqueRef
 .text.STC_SetControlMode
                0x0000000008005fdc        0x8 ./Middlewares/MotorControl/speed_torq_ctrl.o
                0x0000000008005fdc                STC_SetControlMode
 .text.STC_ExecRamp
                0x0000000008005fe4       0x88 ./Middlewares/MotorControl/speed_torq_ctrl.o
                0x0000000008005fe4                STC_ExecRamp
 .text.STC_StopRamp
                0x000000000800606c        0x8 ./Middlewares/MotorControl/speed_torq_ctrl.o
                0x000000000800606c                STC_StopRamp
 .text.STC_CalcTorqueReference
                0x0000000008006074       0x54 ./Middlewares/MotorControl/speed_torq_ctrl.o
                0x0000000008006074                STC_CalcTorqueReference
 .text.STC_GetDefaultIqdref
                0x00000000080060c8       0x1c ./Middlewares/MotorControl/speed_torq_ctrl.o
                0x00000000080060c8                STC_GetDefaultIqdref
 .text.STC_ForceSpeedReferenceToCurrentSpeed
                0x00000000080060e4       0x10 ./Middlewares/MotorControl/speed_torq_ctrl.o
                0x00000000080060e4                STC_ForceSpeedReferenceToCurrentSpeed
 .text.STO_PLL_CalcElAngle
                0x00000000080060f4      0x1f0 ./Middlewares/MotorControl/sto_pll_speed_pos_fdbk.o
                0x00000000080060f4                STO_PLL_CalcElAngle
 .text.STO_PLL_CalcAvrgMecSpeedUnit
                0x00000000080062e4      0x15c ./Middlewares/MotorControl/sto_pll_speed_pos_fdbk.o
                0x00000000080062e4                STO_PLL_CalcAvrgMecSpeedUnit
 .text.STO_PLL_CalcAvrgElSpeedDpp
                0x0000000008006440       0x60 ./Middlewares/MotorControl/sto_pll_speed_pos_fdbk.o
                0x0000000008006440                STO_PLL_CalcAvrgElSpeedDpp
 .text.STO_PLL_Clear
                0x00000000080064a0       0x50 ./Middlewares/MotorControl/sto_pll_speed_pos_fdbk.o
                0x00000000080064a0                STO_PLL_Clear
 .text.STO_PLL_Init
                0x00000000080064f0       0x70 ./Middlewares/MotorControl/sto_pll_speed_pos_fdbk.o
                0x00000000080064f0                STO_PLL_Init
 .text.STO_PLL_IsObserverConverged
                0x0000000008006560       0xc0 ./Middlewares/MotorControl/sto_pll_speed_pos_fdbk.o
                0x0000000008006560                STO_PLL_IsObserverConverged
 .text.STO_PLL_GetEstimatedBemf
                0x0000000008006620       0x18 ./Middlewares/MotorControl/sto_pll_speed_pos_fdbk.o
                0x0000000008006620                STO_PLL_GetEstimatedBemf
 .text.STO_PLL_GetEstimatedCurrent
                0x0000000008006638       0x28 ./Middlewares/MotorControl/sto_pll_speed_pos_fdbk.o
                0x0000000008006638                STO_PLL_GetEstimatedCurrent
 .text.STO_PLL_GetObserverGains
                0x0000000008006660       0x10 ./Middlewares/MotorControl/sto_pll_speed_pos_fdbk.o
                0x0000000008006660                STO_PLL_GetObserverGains
 .text.STO_PLL_SetObserverGains
                0x0000000008006670        0x8 ./Middlewares/MotorControl/sto_pll_speed_pos_fdbk.o
                0x0000000008006670                STO_PLL_SetObserverGains
 .text.STO_OTF_ResetPLL
                0x0000000008006678        0xc ./Middlewares/MotorControl/sto_pll_speed_pos_fdbk.o
                0x0000000008006678                STO_OTF_ResetPLL
 .text.STO_ResetPLL
                0x0000000008006684        0x8 ./Middlewares/MotorControl/sto_pll_speed_pos_fdbk.o
                0x0000000008006684                STO_ResetPLL
 .text.STO_PLL_GetEstimatedBemfLevel
                0x000000000800668c        0x8 ./Middlewares/MotorControl/sto_pll_speed_pos_fdbk.o
                0x000000000800668c                STO_PLL_GetEstimatedBemfLevel
 .text.STO_PLL_GetObservedBemfLevel
                0x0000000008006694        0x8 ./Middlewares/MotorControl/sto_pll_speed_pos_fdbk.o
                0x0000000008006694                STO_PLL_GetObservedBemfLevel
 .text.STO_PLL_IsVarianceTight
                0x000000000800669c        0x8 ./Middlewares/MotorControl/sto_pll_speed_pos_fdbk.o
                0x000000000800669c                STO_PLL_IsVarianceTight
 .text.STO_PLL_ForceConvergency1
                0x00000000080066a4        0xc ./Middlewares/MotorControl/sto_pll_speed_pos_fdbk.o
                0x00000000080066a4                STO_PLL_ForceConvergency1
 .text.STO_PLL_ForceConvergency2
                0x00000000080066b0        0xc ./Middlewares/MotorControl/sto_pll_speed_pos_fdbk.o
                0x00000000080066b0                STO_PLL_ForceConvergency2
 .text.STO_SetDirection
                0x00000000080066bc        0x8 ./Middlewares/MotorControl/sto_pll_speed_pos_fdbk.o
                0x00000000080066bc                STO_SetDirection
 .text.VSS_Clear
                0x00000000080066c4       0x1c ./Middlewares/MotorControl/virtual_speed_sensor.o
                0x00000000080066c4                VSS_Clear
 .text.VSS_Init
                0x00000000080066e0        0x8 ./Middlewares/MotorControl/virtual_speed_sensor.o
                0x00000000080066e0                VSS_Init
 .text.VSS_CalcElAngle
                0x00000000080066e8       0xa0 ./Middlewares/MotorControl/virtual_speed_sensor.o
                0x00000000080066e8                VSS_CalcElAngle
 .text.VSS_CalcAvrgMecSpeedUnit
                0x0000000008006788       0x88 ./Middlewares/MotorControl/virtual_speed_sensor.o
                0x0000000008006788                VSS_CalcAvrgMecSpeedUnit
 .text.VSS_SetMecAngle
                0x0000000008006810       0x10 ./Middlewares/MotorControl/virtual_speed_sensor.o
                0x0000000008006810                VSS_SetMecAngle
 .text.VSS_SetMecAcceleration
                0x0000000008006820       0x88 ./Middlewares/MotorControl/virtual_speed_sensor.o
                0x0000000008006820                VSS_SetMecAcceleration
 .text.VSS_SetStartTransition
                0x00000000080068a8       0x1c ./Middlewares/MotorControl/virtual_speed_sensor.o
                0x00000000080068a8                VSS_SetStartTransition
 .text.VSS_TransitionEnded
                0x00000000080068c4        0x8 ./Middlewares/MotorControl/virtual_speed_sensor.o
                0x00000000080068c4                VSS_TransitionEnded
 .text.__libc_init_array
                0x00000000080068cc       0x48 c:/st/stm32cubeide_1.7.0/stm32cubeide/plugins/com.st.stm32cube.ide.mcu.externaltools.gnu-tools-for-stm32.9-2020-q2-update.win32_2.0.0.202105311346/tools/bin/../lib/gcc/arm-none-eabi/9.3.1/../../../../arm-none-eabi/lib/thumb/v7e-m+fp/hard\libc_nano.a(lib_a-init.o)
                0x00000000080068cc                __libc_init_array
 .text.memcpy   0x0000000008006914       0x1c c:/st/stm32cubeide_1.7.0/stm32cubeide/plugins/com.st.stm32cube.ide.mcu.externaltools.gnu-tools-for-stm32.9-2020-q2-update.win32_2.0.0.202105311346/tools/bin/../lib/gcc/arm-none-eabi/9.3.1/../../../../arm-none-eabi/lib/thumb/v7e-m+fp/hard\libc_nano.a(lib_a-memcpy-stub.o)
                0x0000000008006914                memcpy
 .text.memset   0x0000000008006930       0x10 c:/st/stm32cubeide_1.7.0/stm32cubeide/plugins/com.st.stm32cube.ide.mcu.externaltools.gnu-tools-for-stm32.9-2020-q2-update.win32_2.0.0.202105311346/tools/bin/../lib/gcc/arm-none-eabi/9.3.1/../../../../arm-none-eabi/lib/thumb/v7e-m+fp/hard\libc_nano.a(lib_a-memset.o)
                0x0000000008006930                memset
 *(.glue_7)
 .glue_7        0x0000000008006940        0x0 linker stubs
 *(.glue_7t)
 .glue_7t       0x0000000008006940        0x0 linker stubs
 *(.eh_frame)
 .eh_frame      0x0000000008006940        0x0 c:/st/stm32cubeide_1.7.0/stm32cubeide/plugins/com.st.stm32cube.ide.mcu.externaltools.gnu-tools-for-stm32.9-2020-q2-update.win32_2.0.0.202105311346/tools/bin/../lib/gcc/arm-none-eabi/9.3.1/thumb/v7e-m+fp/hard/crtbegin.o
 *(.init)
 .init          0x0000000008006940        0x4 c:/st/stm32cubeide_1.7.0/stm32cubeide/plugins/com.st.stm32cube.ide.mcu.externaltools.gnu-tools-for-stm32.9-2020-q2-update.win32_2.0.0.202105311346/tools/bin/../lib/gcc/arm-none-eabi/9.3.1/thumb/v7e-m+fp/hard/crti.o
                0x0000000008006940                _init
 .init          0x0000000008006944        0x8 c:/st/stm32cubeide_1.7.0/stm32cubeide/plugins/com.st.stm32cube.ide.mcu.externaltools.gnu-tools-for-stm32.9-2020-q2-update.win32_2.0.0.202105311346/tools/bin/../lib/gcc/arm-none-eabi/9.3.1/thumb/v7e-m+fp/hard/crtn.o
 *(.fini)
 .fini          0x000000000800694c        0x4 c:/st/stm32cubeide_1.7.0/stm32cubeide/plugins/com.st.stm32cube.ide.mcu.externaltools.gnu-tools-for-stm32.9-2020-q2-update.win32_2.0.0.202105311346/tools/bin/../lib/gcc/arm-none-eabi/9.3.1/thumb/v7e-m+fp/hard/crti.o
                0x000000000800694c                _fini
 .fini          0x0000000008006950        0x8 c:/st/stm32cubeide_1.7.0/stm32cubeide/plugins/com.st.stm32cube.ide.mcu.externaltools.gnu-tools-for-stm32.9-2020-q2-update.win32_2.0.0.202105311346/tools/bin/../lib/gcc/arm-none-eabi/9.3.1/thumb/v7e-m+fp/hard/crtn.o
                0x0000000008006958                . = ALIGN (0x4)
                0x0000000008006958                _etext = .

.vfp11_veneer   0x0000000008006958        0x0
 .vfp11_veneer  0x0000000008006958        0x0 linker stubs

.v4_bx          0x0000000008006958        0x0
 .v4_bx         0x0000000008006958        0x0 linker stubs

.iplt           0x0000000008006958        0x0
 .iplt          0x0000000008006958        0x0 c:/st/stm32cubeide_1.7.0/stm32cubeide/plugins/com.st.stm32cube.ide.mcu.externaltools.gnu-tools-for-stm32.9-2020-q2-update.win32_2.0.0.202105311346/tools/bin/../lib/gcc/arm-none-eabi/9.3.1/thumb/v7e-m+fp/hard/crtbegin.o

.rodata         0x0000000008006958      0x428
                0x0000000008006958                . = ALIGN (0x4)
 *(.rodata)
 *(.rodata*)
 .rodata.CRC4_Lookup4
                0x0000000008006958       0x10 ./Application/User/aspep.o
 .rodata.CRC4_Lookup8
                0x0000000008006968      0x100 ./Application/User/aspep.o
 .rodata.CTL_BOARD
                0x0000000008006a68        0xe ./Application/User/mc_configuration_registers.o
                0x0000000008006a68                CTL_BOARD
 *fill*         0x0000000008006a76        0x2 
 .rodata.FIRMWARE_NAME
                0x0000000008006a78       0x14 ./Application/User/mc_configuration_registers.o
                0x0000000008006a78                FIRMWARE_NAME
 .rodata.M1_ApplicationConfig_reg
                0x0000000008006a8c        0xe ./Application/User/mc_configuration_registers.o
 *fill*         0x0000000008006a9a        0x2 
 .rodata.M1_FOCConfig_reg
                0x0000000008006a9c        0xe ./Application/User/mc_configuration_registers.o
 *fill*         0x0000000008006aaa        0x2 
 .rodata.M1_MotorConfig_reg
                0x0000000008006aac       0x3c ./Application/User/mc_configuration_registers.o
                0x0000000008006aac                M1_MotorConfig_reg
 .rodata.M1_PWR_BOARD
                0x0000000008006ae8       0x10 ./Application/User/mc_configuration_registers.o
 .rodata.globalConfig_reg
                0x0000000008006af8        0xa ./Application/User/mc_configuration_registers.o
                0x0000000008006af8                globalConfig_reg
 *fill*         0x0000000008006b02        0x2 
 .rodata.hSin_Cos_Table
                0x0000000008006b04      0x200 ./Application/User/mc_math.o
                0x0000000008006b04                hSin_Cos_Table
 .rodata.R3_1_ParamsM1
                0x0000000008006d04       0x48 ./Application/User/mc_parameters.o
                0x0000000008006d04                R3_1_ParamsM1
 .rodata.CSWTCH.46
                0x0000000008006d4c       0x11 ./Application/User/register_interface.o
 *fill*         0x0000000008006d5d        0x3 
 .rodata.STREAM_OFFSET_TAB
                0x0000000008006d60        0x8 ./Application/User/usart_aspep_driver.o
 .rodata.AHBPrescTable
                0x0000000008006d68       0x10 ./Drivers/CMSIS/system_stm32f4xx.o
                0x0000000008006d68                AHBPrescTable
 .rodata.APBPrescTable
                0x0000000008006d78        0x8 ./Drivers/CMSIS/system_stm32f4xx.o
                0x0000000008006d78                APBPrescTable
                0x0000000008006d80                . = ALIGN (0x4)

.ARM.extab      0x0000000008006d80        0x0
                0x0000000008006d80                . = ALIGN (0x4)
 *(.ARM.extab* .gnu.linkonce.armextab.*)
                0x0000000008006d80                . = ALIGN (0x4)

.ARM            0x0000000008006d80        0x8
                0x0000000008006d80                . = ALIGN (0x4)
                0x0000000008006d80                __exidx_start = .
 *(.ARM.exidx*)
 .ARM.exidx     0x0000000008006d80        0x8 c:/st/stm32cubeide_1.7.0/stm32cubeide/plugins/com.st.stm32cube.ide.mcu.externaltools.gnu-tools-for-stm32.9-2020-q2-update.win32_2.0.0.202105311346/tools/bin/../lib/gcc/arm-none-eabi/9.3.1/thumb/v7e-m+fp/hard\libgcc.a(_udivmoddi4.o)
                0x0000000008006d88                __exidx_end = .
                0x0000000008006d88                . = ALIGN (0x4)

.rel.dyn        0x0000000008006d88        0x0
 .rel.iplt      0x0000000008006d88        0x0 c:/st/stm32cubeide_1.7.0/stm32cubeide/plugins/com.st.stm32cube.ide.mcu.externaltools.gnu-tools-for-stm32.9-2020-q2-update.win32_2.0.0.202105311346/tools/bin/../lib/gcc/arm-none-eabi/9.3.1/thumb/v7e-m+fp/hard/crtbegin.o

.preinit_array  0x0000000008006d88        0x0
                0x0000000008006d88                . = ALIGN (0x4)
                0x0000000008006d88                PROVIDE (__preinit_array_start = .)
 *(.preinit_array*)
                0x0000000008006d88                PROVIDE (__preinit_array_end = .)
                0x0000000008006d88                . = ALIGN (0x4)

.init_array     0x0000000008006d88        0x4
                0x0000000008006d88                . = ALIGN (0x4)
                0x0000000008006d88                PROVIDE (__init_array_start = .)
 *(SORT_BY_NAME(.init_array.*))
 *(.init_array*)
 .init_array    0x0000000008006d88        0x4 c:/st/stm32cubeide_1.7.0/stm32cubeide/plugins/com.st.stm32cube.ide.mcu.externaltools.gnu-tools-for-stm32.9-2020-q2-update.win32_2.0.0.202105311346/tools/bin/../lib/gcc/arm-none-eabi/9.3.1/thumb/v7e-m+fp/hard/crtbegin.o
                0x0000000008006d8c                PROVIDE (__init_array_end = .)
                0x0000000008006d8c                . = ALIGN (0x4)

.fini_array     0x0000000008006d8c        0x4
                0x0000000008006d8c                . = ALIGN (0x4)
                [!provide]                        PROVIDE (__fini_array_start = .)
 *(SORT_BY_NAME(.fini_array.*))
 *(.fini_array*)
 .fini_array    0x0000000008006d8c        0x4 c:/st/stm32cubeide_1.7.0/stm32cubeide/plugins/com.st.stm32cube.ide.mcu.externaltools.gnu-tools-for-stm32.9-2020-q2-update.win32_2.0.0.202105311346/tools/bin/../lib/gcc/arm-none-eabi/9.3.1/thumb/v7e-m+fp/hard/crtbegin.o
                [!provide]                        PROVIDE (__fini_array_end = .)
                0x0000000008006d90                . = ALIGN (0x4)
                0x0000000008006d90                _sidata = LOADADDR (.data)

.data           0x0000000020000000      0x5bc load address 0x0000000008006d90
                0x0000000020000000                . = ALIGN (0x4)
                0x0000000020000000                _sdata = .
 *(.data)
 *(.data*)
 .data.BusVoltageSensor_M1
                0x0000000020000000       0x2c ./Application/User/mc_config.o
                0x0000000020000000                BusVoltageSensor_M1
 .data.CircleLimitationM1
                0x000000002000002c       0xb4 ./Application/User/mc_config.o
                0x000000002000002c                CircleLimitationM1
 .data.FF_M1    0x00000000200000e0       0x38 ./Application/User/mc_config.o
                0x00000000200000e0                FF_M1
 .data.ICLDOUTParamsM1
                0x0000000020000118        0xc ./Application/User/mc_config.o
                0x0000000020000118                ICLDOUTParamsM1
 .data.ICL_M1   0x0000000020000124       0x14 ./Application/User/mc_config.o
                0x0000000020000124                ICL_M1
 .data.PIDIdHandle_M1
                0x0000000020000138       0x2c ./Application/User/mc_config.o
                0x0000000020000138                PIDIdHandle_M1
 .data.PIDIqHandle_M1
                0x0000000020000164       0x2c ./Application/User/mc_config.o
                0x0000000020000164                PIDIqHandle_M1
 .data.PIDSpeedHandle_M1
                0x0000000020000190       0x2c ./Application/User/mc_config.o
                0x0000000020000190                PIDSpeedHandle_M1
 .data.PQD_MotorPowMeasM1
                0x00000000200001bc       0x10 ./Application/User/mc_config.o
                0x00000000200001bc                PQD_MotorPowMeasM1
 .data.PWM_Handle_M1
                0x00000000200001cc       0x90 ./Application/User/mc_config.o
                0x00000000200001cc                PWM_Handle_M1
 .data.RampExtMngrHFParamsM1
                0x000000002000025c       0x18 ./Application/User/mc_config.o
                0x000000002000025c                RampExtMngrHFParamsM1
 .data.RevUpControlM1
                0x0000000020000274       0x78 ./Application/User/mc_config.o
                0x0000000020000274                RevUpControlM1
 .data.STO_M1   0x00000000200002ec       0x14 ./Application/User/mc_config.o
                0x00000000200002ec                STO_M1
 .data.STO_PLL_M1
                0x0000000020000300      0x128 ./Application/User/mc_config.o
                0x0000000020000300                STO_PLL_M1
 .data.SpeednTorqCtrlM1
                0x0000000020000428       0x34 ./Application/User/mc_config.o
                0x0000000020000428                SpeednTorqCtrlM1
 .data.TempSensor_M1
                0x000000002000045c       0x28 ./Application/User/mc_config.o
                0x000000002000045c                TempSensor_M1
 .data.VirtualSpeedSensorM1
                0x0000000020000484       0x38 ./Application/User/mc_config.o
                0x0000000020000484                VirtualSpeedSensorM1
 .data.pFF      0x00000000200004bc        0x4 ./Application/User/mc_config.o
                0x00000000200004bc                pFF
 .data.pMPM     0x00000000200004c0        0x4 ./Application/User/mc_config.o
                0x00000000200004c0                pMPM
 .data.pPIDId   0x00000000200004c4        0x4 ./Application/User/mc_config.o
                0x00000000200004c4                pPIDId
 .data.pPIDIq   0x00000000200004c8        0x4 ./Application/User/mc_config.o
                0x00000000200004c8                pPIDIq
 .data.pSTC     0x00000000200004cc        0x4 ./Application/User/mc_config.o
                0x00000000200004cc                pSTC
 .data.pTemperatureSensor
                0x00000000200004d0        0x4 ./Application/User/mc_config.o
                0x00000000200004d0                pTemperatureSensor
 .data.ApplicationConfig_reg
                0x00000000200004d4        0x4 ./Application/User/mc_configuration_registers.o
                0x00000000200004d4                ApplicationConfig_reg
 .data.FOCConfig_reg
                0x00000000200004d8        0x4 ./Application/User/mc_configuration_registers.o
                0x00000000200004d8                FOCConfig_reg
 .data.MotorConfig_reg
                0x00000000200004dc        0x4 ./Application/User/mc_configuration_registers.o
                0x00000000200004dc                MotorConfig_reg
 .data.PWR_BOARD_NAME
                0x00000000200004e0        0x4 ./Application/User/mc_configuration_registers.o
                0x00000000200004e0                PWR_BOARD_NAME
 .data.ICLFaultTreatedM1
                0x00000000200004e4        0x1 ./Application/User/mc_tasks.o
 *fill*         0x00000000200004e5        0x3 
 .data.MCPA_UART_A
                0x00000000200004e8       0x2c ./Application/User/mcp_config.o
                0x00000000200004e8                MCPA_UART_A
 .data.MCP_Over_UartA
                0x0000000020000514       0x10 ./Application/User/mcp_config.o
                0x0000000020000514                MCP_Over_UartA
 .data.UASPEP_A
                0x0000000020000524       0x14 ./Application/User/mcp_config.o
 .data.aspepOverUartA
                0x0000000020000538       0x74 ./Application/User/mcp_config.o
                0x0000000020000538                aspepOverUartA
 .data.SystickDividerCounter.11501
                0x00000000200005ac        0x1 ./Application/User/stm32f4xx_mc_it.o
 *fill*         0x00000000200005ad        0x3 
 .data.SystemCoreClock
                0x00000000200005b0        0x4 ./Drivers/CMSIS/system_stm32f4xx.o
                0x00000000200005b0                SystemCoreClock
 .data.uwTickFreq
                0x00000000200005b4        0x1 ./Drivers/STM32F4xx_HAL_Driver/stm32f4xx_hal.o
                0x00000000200005b4                uwTickFreq
 *fill*         0x00000000200005b5        0x3 
 .data.uwTickPrio
                0x00000000200005b8        0x4 ./Drivers/STM32F4xx_HAL_Driver/stm32f4xx_hal.o
                0x00000000200005b8                uwTickPrio
 *(.RamFunc)
 *(.RamFunc*)
                0x00000000200005bc                . = ALIGN (0x4)
                0x00000000200005bc                _edata = .

.igot.plt       0x00000000200005bc        0x0 load address 0x000000000800734c
 .igot.plt      0x00000000200005bc        0x0 c:/st/stm32cubeide_1.7.0/stm32cubeide/plugins/com.st.stm32cube.ide.mcu.externaltools.gnu-tools-for-stm32.9-2020-q2-update.win32_2.0.0.202105311346/tools/bin/../lib/gcc/arm-none-eabi/9.3.1/thumb/v7e-m+fp/hard/crtbegin.o
                0x00000000200005bc                . = ALIGN (0x4)

.bss            0x00000000200005bc     0x1254 load address 0x000000000800734c
                0x00000000200005bc                _sbss = .
                0x00000000200005bc                __bss_start__ = _sbss
 *(.bss)
 .bss           0x00000000200005bc       0x1c c:/st/stm32cubeide_1.7.0/stm32cubeide/plugins/com.st.stm32cube.ide.mcu.externaltools.gnu-tools-for-stm32.9-2020-q2-update.win32_2.0.0.202105311346/tools/bin/../lib/gcc/arm-none-eabi/9.3.1/thumb/v7e-m+fp/hard/crtbegin.o
 *(.bss*)
 .bss.RealBusVoltageSensorFilterBufferM1
                0x00000000200005d8       0x14 ./Application/User/mc_config.o
 .bss.FOCVars   0x00000000200005ec       0x26 ./Application/User/mc_tasks.o
 .bss.bMCBootCompleted
                0x0000000020000612        0x1 ./Application/User/mc_tasks.o
 *fill*         0x0000000020000613        0x1 
 .bss.hBootCapDelayCounterM1
                0x0000000020000614        0x2 ./Application/User/mc_tasks.o
 .bss.hMFTaskCounterM1
                0x0000000020000616        0x2 ./Application/User/mc_tasks.o
 .bss.hStopPermanencyCounterM1
                0x0000000020000618        0x2 ./Application/User/mc_tasks.o
 *fill*         0x000000002000061a        0x2 
 .bss.pREMNG    0x000000002000061c        0x4 ./Application/User/mc_tasks.o
 .bss.pwmcHandle
                0x0000000020000620        0x4 ./Application/User/mc_tasks.o
 .bss.MCPAsyncBuffUARTA_A
                0x0000000020000624      0x806 ./Application/User/mcp_config.o
 *fill*         0x0000000020000e2a        0x2 
 .bss.MCPAsyncBuffUARTA_B
                0x0000000020000e2c      0x806 ./Application/User/mcp_config.o
 *fill*         0x0000000020001632        0x2 
 .bss.MCPSyncRXBuff
                0x0000000020001634       0x82 ./Application/User/mcp_config.o
 *fill*         0x00000000200016b6        0x2 
 .bss.MCPSyncTxBuff
                0x00000000200016b8       0x86 ./Application/User/mcp_config.o
 .bss.nullData16.12117
                0x000000002000173e        0x2 ./Application/User/register_interface.o
 .bss.RCM_CB_array
                0x0000000020001740       0x20 ./Application/User/regular_conversion_manager.o
 .bss.RCM_UserConvHandle
                0x0000000020001760        0x1 ./Application/User/regular_conversion_manager.o
 .bss.RCM_UserConvState
                0x0000000020001761        0x1 ./Application/User/regular_conversion_manager.o
 .bss.RCM_UserConvValue
                0x0000000020001762        0x2 ./Application/User/regular_conversion_manager.o
 .bss.RCM_handle_array
                0x0000000020001764       0x10 ./Application/User/regular_conversion_manager.o
 .bss.GLOBAL_TIMESTAMP
                0x0000000020001774        0x4 ./Middlewares/MotorControl/mcpa.o
                0x0000000020001774                GLOBAL_TIMESTAMP
 *(COMMON)
 COMMON         0x0000000020001778       0x20 ./Application/User/mc_config.o
                0x0000000020001778                Mci
 COMMON         0x0000000020001798       0x6e ./Application/User/mcp_config.o
                0x0000000020001798                dataPtrTableBuffA
                0x00000000200017c0                MCP_UserCallBack
                0x00000000200017c8                dataSizeTableBuffA
                0x00000000200017d4                dataPtrTableA
                0x00000000200017fc                dataSizeTableA
 *fill*         0x0000000020001806        0x2 
 COMMON         0x0000000020001808        0x4 ./Application/User/motorcontrol.o
                0x0000000020001808                pMCI
 COMMON         0x000000002000180c        0x4 ./Drivers/STM32F4xx_HAL_Driver/stm32f4xx_hal.o
                0x000000002000180c                uwTick
                0x0000000020001810                . = ALIGN (0x4)
                0x0000000020001810                _ebss = .
                0x0000000020001810                __bss_end__ = _ebss

._user_heap_stack
                0x0000000020001810      0x600 load address 0x000000000800734c
                0x0000000020001810                . = ALIGN (0x8)
                [!provide]                        PROVIDE (end = .)
                0x0000000020001810                PROVIDE (_end = .)
                0x0000000020001a10                . = (. + _Min_Heap_Size)
 *fill*         0x0000000020001810      0x200 
                0x0000000020001e10                . = (. + _Min_Stack_Size)
 *fill*         0x0000000020001a10      0x400 
                0x0000000020001e10                . = ALIGN (0x8)

/DISCARD/
 libc.a(*)
 libm.a(*)
 libgcc.a(*)

.ARM.attributes
                0x0000000000000000       0x30
 *(.ARM.attributes)
 .ARM.attributes
                0x0000000000000000       0x1e c:/st/stm32cubeide_1.7.0/stm32cubeide/plugins/com.st.stm32cube.ide.mcu.externaltools.gnu-tools-for-stm32.9-2020-q2-update.win32_2.0.0.202105311346/tools/bin/../lib/gcc/arm-none-eabi/9.3.1/thumb/v7e-m+fp/hard/crti.o
 .ARM.attributes
                0x000000000000001e       0x34 c:/st/stm32cubeide_1.7.0/stm32cubeide/plugins/com.st.stm32cube.ide.mcu.externaltools.gnu-tools-for-stm32.9-2020-q2-update.win32_2.0.0.202105311346/tools/bin/../lib/gcc/arm-none-eabi/9.3.1/thumb/v7e-m+fp/hard/crtbegin.o
 .ARM.attributes
                0x0000000000000052       0x21 ./Application/Startup/startup_stm32f401retx.o
 .ARM.attributes
                0x0000000000000073       0x30 ./Application/User/aspep.o
 .ARM.attributes
                0x00000000000000a3       0x30 ./Application/User/main.o
 .ARM.attributes
                0x00000000000000d3       0x30 ./Application/User/mc_api.o
 .ARM.attributes
                0x0000000000000103       0x30 ./Application/User/mc_app_hooks.o
 .ARM.attributes
                0x0000000000000133       0x35 ./Application/User/mc_config.o
 .ARM.attributes
                0x0000000000000168       0x35 ./Application/User/mc_configuration_registers.o
 .ARM.attributes
                0x000000000000019d       0x30 ./Application/User/mc_interface.o
 .ARM.attributes
                0x00000000000001cd       0x30 ./Application/User/mc_math.o
 .ARM.attributes
                0x00000000000001fd       0x35 ./Application/User/mc_parameters.o
 .ARM.attributes
                0x0000000000000232       0x30 ./Application/User/mc_tasks.o
 .ARM.attributes
                0x0000000000000262       0x35 ./Application/User/mcp_config.o
 .ARM.attributes
                0x0000000000000297       0x30 ./Application/User/motorcontrol.o
 .ARM.attributes
                0x00000000000002c7       0x30 ./Application/User/pwm_curr_fdbk.o
 .ARM.attributes
                0x00000000000002f7       0x30 ./Application/User/register_interface.o
 .ARM.attributes
                0x0000000000000327       0x30 ./Application/User/regular_conversion_manager.o
 .ARM.attributes
                0x0000000000000357       0x30 ./Application/User/stm32f4xx_hal_msp.o
 .ARM.attributes
                0x0000000000000387       0x30 ./Application/User/stm32f4xx_mc_it.o
 .ARM.attributes
                0x00000000000003b7       0x30 ./Application/User/usart_aspep_driver.o
 .ARM.attributes
                0x00000000000003e7       0x30 ./Drivers/CMSIS/system_stm32f4xx.o
 .ARM.attributes
                0x0000000000000417       0x30 ./Drivers/STM32F4xx_HAL_Driver/stm32f4xx_hal.o
 .ARM.attributes
                0x0000000000000447       0x30 ./Drivers/STM32F4xx_HAL_Driver/stm32f4xx_hal_cortex.o
 .ARM.attributes
                0x0000000000000477       0x30 ./Drivers/STM32F4xx_HAL_Driver/stm32f4xx_hal_rcc.o
 .ARM.attributes
                0x00000000000004a7       0x30 ./Drivers/STM32F4xx_HAL_Driver/stm32f4xx_ll_adc.o
 .ARM.attributes
                0x00000000000004d7       0x30 ./Drivers/STM32F4xx_HAL_Driver/stm32f4xx_ll_gpio.o
 .ARM.attributes
                0x0000000000000507       0x30 ./Drivers/STM32F4xx_HAL_Driver/stm32f4xx_ll_rcc.o
 .ARM.attributes
                0x0000000000000537       0x30 ./Drivers/STM32F4xx_HAL_Driver/stm32f4xx_ll_tim.o
 .ARM.attributes
                0x0000000000000567       0x30 ./Drivers/STM32F4xx_HAL_Driver/stm32f4xx_ll_usart.o
 .ARM.attributes
                0x0000000000000597       0x30 ./Drivers/STM32F4xx_HAL_Driver/stm32f4xx_ll_utils.o
 .ARM.attributes
                0x00000000000005c7       0x30 ./Middlewares/MotorControl/bus_voltage_sensor.o
 .ARM.attributes
                0x00000000000005f7       0x30 ./Middlewares/MotorControl/circle_limitation.o
 .ARM.attributes
                0x0000000000000627       0x30 ./Middlewares/MotorControl/digital_output.o
 .ARM.attributes
                0x0000000000000657       0x30 ./Middlewares/MotorControl/feed_forward_ctrl.o
 .ARM.attributes
                0x0000000000000687       0x30 ./Middlewares/MotorControl/inrush_current_limiter.o
 .ARM.attributes
                0x00000000000006b7       0x30 ./Middlewares/MotorControl/mcp.o
 .ARM.attributes
                0x00000000000006e7       0x30 ./Middlewares/MotorControl/mcpa.o
 .ARM.attributes
                0x0000000000000717       0x30 ./Middlewares/MotorControl/ntc_temperature_sensor.o
 .ARM.attributes
                0x0000000000000747       0x30 ./Middlewares/MotorControl/pid_regulator.o
 .ARM.attributes
                0x0000000000000777       0x30 ./Middlewares/MotorControl/pqd_motor_power_measurement.o
 .ARM.attributes
                0x00000000000007a7       0x30 ./Middlewares/MotorControl/pwm_common.o
 .ARM.attributes
                0x00000000000007d7       0x30 ./Middlewares/MotorControl/r3_1_f4xx_pwm_curr_fdbk.o
 .ARM.attributes
                0x0000000000000807       0x30 ./Middlewares/MotorControl/r_divider_bus_voltage_sensor.o
 .ARM.attributes
                0x0000000000000837       0x30 ./Middlewares/MotorControl/ramp_ext_mngr.o
 .ARM.attributes
                0x0000000000000867       0x30 ./Middlewares/MotorControl/revup_ctrl.o
 .ARM.attributes
                0x0000000000000897       0x30 ./Middlewares/MotorControl/speed_pos_fdbk.o
 .ARM.attributes
                0x00000000000008c7       0x30 ./Middlewares/MotorControl/speed_torq_ctrl.o
 .ARM.attributes
                0x00000000000008f7       0x30 ./Middlewares/MotorControl/sto_pll_speed_pos_fdbk.o
 .ARM.attributes
                0x0000000000000927       0x30 ./Middlewares/MotorControl/virtual_speed_sensor.o
 .ARM.attributes
                0x0000000000000957       0x34 c:/st/stm32cubeide_1.7.0/stm32cubeide/plugins/com.st.stm32cube.ide.mcu.externaltools.gnu-tools-for-stm32.9-2020-q2-update.win32_2.0.0.202105311346/tools/bin/../lib/gcc/arm-none-eabi/9.3.1/../../../../arm-none-eabi/lib/thumb/v7e-m+fp/hard\libc_nano.a(lib_a-init.o)
 .ARM.attributes
                0x000000000000098b       0x34 c:/st/stm32cubeide_1.7.0/stm32cubeide/plugins/com.st.stm32cube.ide.mcu.externaltools.gnu-tools-for-stm32.9-2020-q2-update.win32_2.0.0.202105311346/tools/bin/../lib/gcc/arm-none-eabi/9.3.1/../../../../arm-none-eabi/lib/thumb/v7e-m+fp/hard\libc_nano.a(lib_a-memcpy-stub.o)
 .ARM.attributes
                0x00000000000009bf       0x34 c:/st/stm32cubeide_1.7.0/stm32cubeide/plugins/com.st.stm32cube.ide.mcu.externaltools.gnu-tools-for-stm32.9-2020-q2-update.win32_2.0.0.202105311346/tools/bin/../lib/gcc/arm-none-eabi/9.3.1/../../../../arm-none-eabi/lib/thumb/v7e-m+fp/hard\libc_nano.a(lib_a-memset.o)
 .ARM.attributes
                0x00000000000009f3       0x1e c:/st/stm32cubeide_1.7.0/stm32cubeide/plugins/com.st.stm32cube.ide.mcu.externaltools.gnu-tools-for-stm32.9-2020-q2-update.win32_2.0.0.202105311346/tools/bin/../lib/gcc/arm-none-eabi/9.3.1/thumb/v7e-m+fp/hard\libgcc.a(_aeabi_uldivmod.o)
 .ARM.attributes
                0x0000000000000a11       0x34 c:/st/stm32cubeide_1.7.0/stm32cubeide/plugins/com.st.stm32cube.ide.mcu.externaltools.gnu-tools-for-stm32.9-2020-q2-update.win32_2.0.0.202105311346/tools/bin/../lib/gcc/arm-none-eabi/9.3.1/thumb/v7e-m+fp/hard\libgcc.a(_udivmoddi4.o)
 .ARM.attributes
                0x0000000000000a45       0x1e c:/st/stm32cubeide_1.7.0/stm32cubeide/plugins/com.st.stm32cube.ide.mcu.externaltools.gnu-tools-for-stm32.9-2020-q2-update.win32_2.0.0.202105311346/tools/bin/../lib/gcc/arm-none-eabi/9.3.1/thumb/v7e-m+fp/hard\libgcc.a(_dvmd_tls.o)
 .ARM.attributes
                0x0000000000000a63       0x1e c:/st/stm32cubeide_1.7.0/stm32cubeide/plugins/com.st.stm32cube.ide.mcu.externaltools.gnu-tools-for-stm32.9-2020-q2-update.win32_2.0.0.202105311346/tools/bin/../lib/gcc/arm-none-eabi/9.3.1/thumb/v7e-m+fp/hard/crtn.o
OUTPUT(HVSDdemo 1.elf elf32-littlearm)
LOAD linker stubs
LOAD c:/st/stm32cubeide_1.7.0/stm32cubeide/plugins/com.st.stm32cube.ide.mcu.externaltools.gnu-tools-for-stm32.9-2020-q2-update.win32_2.0.0.202105311346/tools/bin/../lib/gcc/arm-none-eabi/9.3.1/../../../../arm-none-eabi/lib/thumb/v7e-m+fp/hard\libc.a
LOAD c:/st/stm32cubeide_1.7.0/stm32cubeide/plugins/com.st.stm32cube.ide.mcu.externaltools.gnu-tools-for-stm32.9-2020-q2-update.win32_2.0.0.202105311346/tools/bin/../lib/gcc/arm-none-eabi/9.3.1/../../../../arm-none-eabi/lib/thumb/v7e-m+fp/hard\libm.a
LOAD c:/st/stm32cubeide_1.7.0/stm32cubeide/plugins/com.st.stm32cube.ide.mcu.externaltools.gnu-tools-for-stm32.9-2020-q2-update.win32_2.0.0.202105311346/tools/bin/../lib/gcc/arm-none-eabi/9.3.1/thumb/v7e-m+fp/hard\libgcc.a

.debug_line     0x0000000000000000    0x29cac
 .debug_line    0x0000000000000000       0x8f ./Application/Startup/startup_stm32f401retx.o
 .debug_line    0x000000000000008f     0x1588 ./Application/User/aspep.o
 .debug_line    0x0000000000001617     0x1df0 ./Application/User/main.o
 .debug_line    0x0000000000003407      0xed0 ./Application/User/mc_api.o
 .debug_line    0x00000000000042d7      0x7ca ./Application/User/mc_app_hooks.o
 .debug_line    0x0000000000004aa1      0xb52 ./Application/User/mc_config.o
 .debug_line    0x00000000000055f3      0x893 ./Application/User/mc_configuration_registers.o
 .debug_line    0x0000000000005e86     0x169a ./Application/User/mc_interface.o
 .debug_line    0x0000000000007520      0xaea ./Application/User/mc_math.o
 .debug_line    0x000000000000800a      0xb43 ./Application/User/mc_parameters.o
 .debug_line    0x0000000000008b4d     0x174a ./Application/User/mc_tasks.o
 .debug_line    0x000000000000a297      0x888 ./Application/User/mcp_config.o
 .debug_line    0x000000000000ab1f      0xb7b ./Application/User/motorcontrol.o
 .debug_line    0x000000000000b69a      0xf12 ./Application/User/pwm_curr_fdbk.o
 .debug_line    0x000000000000c5ac     0x2109 ./Application/User/register_interface.o
 .debug_line    0x000000000000e6b5     0x1070 ./Application/User/regular_conversion_manager.o
 .debug_line    0x000000000000f725      0xb78 ./Application/User/stm32f4xx_hal_msp.o
 .debug_line    0x000000000001029d     0x1061 ./Application/User/stm32f4xx_mc_it.o
 .debug_line    0x00000000000112fe      0xe1a ./Application/User/usart_aspep_driver.o
 .debug_line    0x0000000000012118      0x743 ./Drivers/CMSIS/system_stm32f4xx.o
 .debug_line    0x000000000001285b      0xa48 ./Drivers/STM32F4xx_HAL_Driver/stm32f4xx_hal.o
 .debug_line    0x00000000000132a3      0xced ./Drivers/STM32F4xx_HAL_Driver/stm32f4xx_hal_cortex.o
 .debug_line    0x0000000000013f90     0x1090 ./Drivers/STM32F4xx_HAL_Driver/stm32f4xx_hal_rcc.o
 .debug_line    0x0000000000015020      0xa8f ./Drivers/STM32F4xx_HAL_Driver/stm32f4xx_ll_adc.o
 .debug_line    0x0000000000015aaf      0xb76 ./Drivers/STM32F4xx_HAL_Driver/stm32f4xx_ll_gpio.o
 .debug_line    0x0000000000016625     0x1035 ./Drivers/STM32F4xx_HAL_Driver/stm32f4xx_ll_rcc.o
 .debug_line    0x000000000001765a     0x122c ./Drivers/STM32F4xx_HAL_Driver/stm32f4xx_ll_tim.o
 .debug_line    0x0000000000018886      0xa13 ./Drivers/STM32F4xx_HAL_Driver/stm32f4xx_ll_usart.o
 .debug_line    0x0000000000019299      0xfc2 ./Drivers/STM32F4xx_HAL_Driver/stm32f4xx_ll_utils.o
 .debug_line    0x000000000001a25b      0x879 ./Middlewares/MotorControl/bus_voltage_sensor.o
 .debug_line    0x000000000001aad4      0x8be ./Middlewares/MotorControl/circle_limitation.o
 .debug_line    0x000000000001b392      0x87e ./Middlewares/MotorControl/digital_output.o
 .debug_line    0x000000000001bc10      0xb55 ./Middlewares/MotorControl/feed_forward_ctrl.o
 .debug_line    0x000000000001c765      0x963 ./Middlewares/MotorControl/inrush_current_limiter.o
 .debug_line    0x000000000001d0c8      0xd64 ./Middlewares/MotorControl/mcp.o
 .debug_line    0x000000000001de2c      0xf95 ./Middlewares/MotorControl/mcpa.o
 .debug_line    0x000000000001edc1      0x9ff ./Middlewares/MotorControl/ntc_temperature_sensor.o
 .debug_line    0x000000000001f7c0      0xcae ./Middlewares/MotorControl/pid_regulator.o
 .debug_line    0x000000000002046e      0x8c6 ./Middlewares/MotorControl/pqd_motor_power_measurement.o
 .debug_line    0x0000000000020d34      0x9ae ./Middlewares/MotorControl/pwm_common.o
 .debug_line    0x00000000000216e2     0x26ed ./Middlewares/MotorControl/r3_1_f4xx_pwm_curr_fdbk.o
 .debug_line    0x0000000000023dcf      0xc62 ./Middlewares/MotorControl/r_divider_bus_voltage_sensor.o
 .debug_line    0x0000000000024a31      0xa5f ./Middlewares/MotorControl/ramp_ext_mngr.o
 .debug_line    0x0000000000025490     0x105a ./Middlewares/MotorControl/revup_ctrl.o
 .debug_line    0x00000000000264ea      0x9bc ./Middlewares/MotorControl/speed_pos_fdbk.o
 .debug_line    0x0000000000026ea6      0xc9b ./Middlewares/MotorControl/speed_torq_ctrl.o
 .debug_line    0x0000000000027b41     0x1427 ./Middlewares/MotorControl/sto_pll_speed_pos_fdbk.o
 .debug_line    0x0000000000028f68      0xd44 ./Middlewares/MotorControl/virtual_speed_sensor.o

.debug_info     0x0000000000000000    0x3f50b
 .debug_info    0x0000000000000000       0x22 ./Application/Startup/startup_stm32f401retx.o
 .debug_info    0x0000000000000022     0x1234 ./Application/User/aspep.o
 .debug_info    0x0000000000001256     0x564a ./Application/User/main.o
 .debug_info    0x00000000000068a0     0x2b44 ./Application/User/mc_api.o
 .debug_info    0x00000000000093e4      0x235 ./Application/User/mc_app_hooks.o
 .debug_info    0x0000000000009619     0x2309 ./Application/User/mc_config.o
 .debug_info    0x000000000000b922      0x5ec ./Application/User/mc_configuration_registers.o
 .debug_info    0x000000000000bf0e     0x3375 ./Application/User/mc_interface.o
 .debug_info    0x000000000000f283      0x6a4 ./Application/User/mc_math.o
 .debug_info    0x000000000000f927     0x21b5 ./Application/User/mc_parameters.o
 .debug_info    0x0000000000011adc     0x3d7a ./Application/User/mc_tasks.o
 .debug_info    0x0000000000015856      0xaea ./Application/User/mcp_config.o
 .debug_info    0x0000000000016340     0x23c2 ./Application/User/motorcontrol.o
 .debug_info    0x0000000000018702     0x1048 ./Application/User/pwm_curr_fdbk.o
 .debug_info    0x000000000001974a     0x4457 ./Application/User/register_interface.o
 .debug_info    0x000000000001dba1     0x28f9 ./Application/User/regular_conversion_manager.o
 .debug_info    0x000000000002049a     0x23e4 ./Application/User/stm32f4xx_hal_msp.o
 .debug_info    0x000000000002287e     0x367e ./Application/User/stm32f4xx_mc_it.o
 .debug_info    0x0000000000025efc     0x12e7 ./Application/User/usart_aspep_driver.o
 .debug_info    0x00000000000271e3      0x5e9 ./Drivers/CMSIS/system_stm32f4xx.o
 .debug_info    0x00000000000277cc      0xa3b ./Drivers/STM32F4xx_HAL_Driver/stm32f4xx_hal.o
 .debug_info    0x0000000000028207     0x10ba ./Drivers/STM32F4xx_HAL_Driver/stm32f4xx_hal_cortex.o
 .debug_info    0x00000000000292c1      0xbf1 ./Drivers/STM32F4xx_HAL_Driver/stm32f4xx_hal_rcc.o
 .debug_info    0x0000000000029eb2      0xbf9 ./Drivers/STM32F4xx_HAL_Driver/stm32f4xx_ll_adc.o
 .debug_info    0x000000000002aaab      0xcb9 ./Drivers/STM32F4xx_HAL_Driver/stm32f4xx_ll_gpio.o
 .debug_info    0x000000000002b764      0xe60 ./Drivers/STM32F4xx_HAL_Driver/stm32f4xx_ll_rcc.o
 .debug_info    0x000000000002c5c4     0x1640 ./Drivers/STM32F4xx_HAL_Driver/stm32f4xx_ll_tim.o
 .debug_info    0x000000000002dc04      0xa15 ./Drivers/STM32F4xx_HAL_Driver/stm32f4xx_ll_usart.o
 .debug_info    0x000000000002e619      0xf91 ./Drivers/STM32F4xx_HAL_Driver/stm32f4xx_ll_utils.o
 .debug_info    0x000000000002f5aa      0x382 ./Middlewares/MotorControl/bus_voltage_sensor.o
 .debug_info    0x000000000002f92c      0x3ff ./Middlewares/MotorControl/circle_limitation.o
 .debug_info    0x000000000002fd2b      0x469 ./Middlewares/MotorControl/digital_output.o
 .debug_info    0x0000000000030194      0xace ./Middlewares/MotorControl/feed_forward_ctrl.o
 .debug_info    0x0000000000030c62      0x5a9 ./Middlewares/MotorControl/inrush_current_limiter.o
 .debug_info    0x000000000003120b     0x2a2b ./Middlewares/MotorControl/mcp.o
 .debug_info    0x0000000000033c36      0xfd7 ./Middlewares/MotorControl/mcpa.o
 .debug_info    0x0000000000034c0d      0x6b9 ./Middlewares/MotorControl/ntc_temperature_sensor.o
 .debug_info    0x00000000000352c6      0xa02 ./Middlewares/MotorControl/pid_regulator.o
 .debug_info    0x0000000000035cc8      0x579 ./Middlewares/MotorControl/pqd_motor_power_measurement.o
 .debug_info    0x0000000000036241      0x8c4 ./Middlewares/MotorControl/pwm_common.o
 .debug_info    0x0000000000036b05     0x3845 ./Middlewares/MotorControl/r3_1_f4xx_pwm_curr_fdbk.o
 .debug_info    0x000000000003a34a      0x7e2 ./Middlewares/MotorControl/r_divider_bus_voltage_sensor.o
 .debug_info    0x000000000003ab2c      0x561 ./Middlewares/MotorControl/ramp_ext_mngr.o
 .debug_info    0x000000000003b08d     0x1571 ./Middlewares/MotorControl/revup_ctrl.o
 .debug_info    0x000000000003c5fe      0x601 ./Middlewares/MotorControl/speed_pos_fdbk.o
 .debug_info    0x000000000003cbff      0xaf1 ./Middlewares/MotorControl/speed_torq_ctrl.o
 .debug_info    0x000000000003d6f0     0x160e ./Middlewares/MotorControl/sto_pll_speed_pos_fdbk.o
 .debug_info    0x000000000003ecfe      0x80d ./Middlewares/MotorControl/virtual_speed_sensor.o

.debug_abbrev   0x0000000000000000     0x79f9