../Drivers/STM32F4xx_HAL_Driver/Inc/stm32f4xx_ll_gpio.h:881:22:LL_GPIO_SetOutputPin	16	static
../Drivers/STM32F4xx_HAL_Driver/Inc/stm32f4xx_ll_gpio.h:910:22:LL_GPIO_ResetOutputPin	16	static
../MCSDK_v6.1.2-Full/MotorControl/MCSDK/MCLib/Any/Src/gap_gate_driver_ctrl.c:103:13:GAP_CheckErrors	64	static
../MCSDK_v6.1.2-Full/MotorControl/MCSDK/MCLib/Any/Src/gap_gate_driver_ctrl.c:162:13:GAP_FaultAck	24	static
../MCSDK_v6.1.2-Full/MotorControl/MCSDK/MCLib/Any/Src/gap_gate_driver_ctrl.c:192:13:GAP_Configuration	24	static
../MCSDK_v6.1.2-Full/MotorControl/MCSDK/MCLib/Any/Src/gap_gate_driver_ctrl.c:219:13:GAP_IsDevicesProgrammed	32	static
../MCSDK_v6.1.2-Full/MotorControl/MCSDK/MCLib/Any/Src/gap_gate_driver_ctrl.c:316:13:GAP_DevicesConfiguration	32	static
../MCSDK_v6.1.2-Full/MotorControl/MCSDK/MCLib/Any/Src/gap_gate_driver_ctrl.c:398:17:GAP_CRCCalculate	32	static
../MCSDK_v6.1.2-Full/MotorControl/MCSDK/MCLib/Any/Src/gap_gate_driver_ctrl.c:441:13:GAP_CRCCheck	24	static
../MCSDK_v6.1.2-Full/MotorControl/MCSDK/MCLib/Any/Src/gap_gate_driver_ctrl.c:461:13:wait	24	static
../MCSDK_v6.1.2-Full/MotorControl/MCSDK/MCLib/Any/Src/gap_gate_driver_ctrl.c:476:16:GAP_RegMask	24	static
../MCSDK_v6.1.2-Full/MotorControl/MCSDK/MCLib/Any/Src/gap_gate_driver_ctrl.c:554:13:GAP_ReadRegs	40	static
../MCSDK_v6.1.2-Full/MotorControl/MCSDK/MCLib/Any/Src/gap_gate_driver_ctrl.c:612:13:GAP_StartConfig	24	static
../MCSDK_v6.1.2-Full/MotorControl/MCSDK/MCLib/Any/Src/gap_gate_driver_ctrl.c:635:13:GAP_StopConfig	24	static
../MCSDK_v6.1.2-Full/MotorControl/MCSDK/MCLib/Any/Src/gap_gate_driver_ctrl.c:662:13:GAP_WriteRegs	32	static
../MCSDK_v6.1.2-Full/MotorControl/MCSDK/MCLib/Any/Src/gap_gate_driver_ctrl.c:703:13:GAP_GlobalReset	24	static
../MCSDK_v6.1.2-Full/MotorControl/MCSDK/MCLib/Any/Src/gap_gate_driver_ctrl.c:726:13:GAP_ResetStatus	24	static
../MCSDK_v6.1.2-Full/MotorControl/MCSDK/MCLib/Any/Src/gap_gate_driver_ctrl.c:751:13:GAP_Test	40	static
../MCSDK_v6.1.2-Full/MotorControl/MCSDK/MCLib/Any/Src/gap_gate_driver_ctrl.c:850:10:GAP_SPI_Send	24	static
../MCSDK_v6.1.2-Full/MotorControl/MCSDK/MCLib/Any/Src/gap_gate_driver_ctrl.c:868:6:GAP_SD_Deactivate	16	static
../MCSDK_v6.1.2-Full/MotorControl/MCSDK/MCLib/Any/Src/gap_gate_driver_ctrl.c:878:6:GAP_SD_Activate	16	static
../MCSDK_v6.1.2-Full/MotorControl/MCSDK/MCLib/Any/Src/gap_gate_driver_ctrl.c:888:6:GAP_CS_Deactivate	16	static
../MCSDK_v6.1.2-Full/MotorControl/MCSDK/MCLib/Any/Src/gap_gate_driver_ctrl.c:898:6:GAP_CS_Activate	16	static
