../Core/Inc/mc_math.h:306:23:MCM_PhaseComputation	32	static
../MCSDK_v6.1.2-Full/MotorControl/MCSDK/MCLib/Any/Src/sto_cordic_speed_pos_fdbk.c:88:13:STO_CR_Init	24	static
../MCSDK_v6.1.2-Full/MotorControl/MCSDK/MCLib/Any/Src/sto_cordic_speed_pos_fdbk.c:144:16:STO_CR_CalcElAngle	88	static
../MCSDK_v6.1.2-Full/MotorControl/MCSDK/MCLib/Any/Src/sto_cordic_speed_pos_fdbk.c:447:13:STO_CR_CalcAvrgMecSpeedUnit	104	static
../MCSDK_v6.1.2-Full/MotorControl/MCSDK/MCLib/Any/Src/sto_cordic_speed_pos_fdbk.c:612:13:STO_CR_Clear	16	static
../MCSDK_v6.1.2-Full/MotorControl/MCSDK/MCLib/Any/Src/sto_cordic_speed_pos_fdbk.c:652:20:STO_CR_Store_Rotor_Speed	24	static
../MCSDK_v6.1.2-Full/MotorControl/MCSDK/MCLib/Any/Src/sto_cordic_speed_pos_fdbk.c:680:13:STO_CR_InitSpeedBuffer	24	static
../MCSDK_v6.1.2-Full/MotorControl/MCSDK/MCLib/Any/Src/sto_cordic_speed_pos_fdbk.c:713:13:STO_CR_IsObserverConverged	40	static
../MCSDK_v6.1.2-Full/MotorControl/MCSDK/MCLib/Any/Src/sto_cordic_speed_pos_fdbk.c:833:20:STO_CR_GetEstimatedBemf	24	static
../MCSDK_v6.1.2-Full/MotorControl/MCSDK/MCLib/Any/Src/sto_cordic_speed_pos_fdbk.c:859:20:STO_CR_GetEstimatedCurrent	24	static
../MCSDK_v6.1.2-Full/MotorControl/MCSDK/MCLib/Any/Src/sto_cordic_speed_pos_fdbk.c:898:13:STO_CR_GetObserverGains	24	static
../MCSDK_v6.1.2-Full/MotorControl/MCSDK/MCLib/Any/Src/sto_cordic_speed_pos_fdbk.c:922:13:STO_CR_SetObserverGains	16	static
../MCSDK_v6.1.2-Full/MotorControl/MCSDK/MCLib/Any/Src/sto_cordic_speed_pos_fdbk.c:956:13:STO_CR_CalcAvrgElSpeedDpp	40	static
../MCSDK_v6.1.2-Full/MotorControl/MCSDK/MCLib/Any/Src/sto_cordic_speed_pos_fdbk.c:1035:16:STO_CR_GetEstimatedBemfLevel	16	static
../MCSDK_v6.1.2-Full/MotorControl/MCSDK/MCLib/Any/Src/sto_cordic_speed_pos_fdbk.c:1049:16:STO_CR_GetObservedBemfLevel	16	static
../MCSDK_v6.1.2-Full/MotorControl/MCSDK/MCLib/Any/Src/sto_cordic_speed_pos_fdbk.c:1063:13:STO_CR_BemfConsistencyCheckSwitch	16	static
../MCSDK_v6.1.2-Full/MotorControl/MCSDK/MCLib/Any/Src/sto_cordic_speed_pos_fdbk.c:1084:13:STO_CR_IsBemfConsistent	16	static
../MCSDK_v6.1.2-Full/MotorControl/MCSDK/MCLib/Any/Src/sto_cordic_speed_pos_fdbk.c:1101:13:STO_CR_IsSpeedReliable	24	static
../MCSDK_v6.1.2-Full/MotorControl/MCSDK/MCLib/Any/Src/sto_cordic_speed_pos_fdbk.c:1123:13:STO_CR_ForceConvergency1	24	static
../MCSDK_v6.1.2-Full/MotorControl/MCSDK/MCLib/Any/Src/sto_cordic_speed_pos_fdbk.c:1144:13:STO_CR_ForceConvergency2	24	static
