mc_tasks.c:673:13:FOC_Clear	24	static
mc_tasks.c:107:13:MCboot	56	static
mc_tasks.c:721:13:FOC_InitAdditionalMethods	0	static
mc_tasks.c:753:13:FOC_CalcCurrRef	16	static
mc_tasks.c:788:13:TSK_SetChargeBootCapDelayM1	0	static
mc_tasks.c:799:13:TSK_ChargeBootCapDelayHasElapsedM1	0	static
mc_tasks.c:815:13:TSK_SetStopPermanencyTimeM1	0	static
mc_tasks.c:250:6:TSK_MF_StopProcessing	8	static
mc_tasks.c:826:13:TSK_StopPermanencyTimeHasElapsedM1	0	static
mc_tasks.c:340:13:TSK_MediumFrequencyTaskM1	32	static
mc_tasks.c:266:13:MC_Scheduler	16	static
mc_tasks.c:852:16:TSK_HighFrequencyTask	72	static
mc_tasks.c:996:13:TSK_SafetyTask_PWMOFF	24	static
mc_tasks.c:974:13:TSK_SafetyTask	8	static
mc_tasks.c:228:13:MC_RunMotorControlTasks	8	static
mc_tasks.c:1049:23:GetMCI	0	static
mc_tasks.c:1065:13:TSK_HardwareFaultTask	8	static
mc_tasks.c:1081:13:mc_lock_pins	72	static
