feed_forward_ctrl.c:94:13:FF_Init	8	static
feed_forward_ctrl.c:124:13:FF_Clear	0	static
feed_forward_ctrl.c:150:13:FF_VqdffComputation	24	static
feed_forward_ctrl.c:221:13:FF_VqdConditioning	24	static
feed_forward_ctrl.c:266:13:FF_DataProcess	12	static
feed_forward_ctrl.c:314:13:FF_InitFOCAdditionalMethods	8	static
feed_forward_ctrl.c:340:13:FF_SetFFConstants	16	static
feed_forward_ctrl.c:368:26:FF_GetFFConstants	8	static
feed_forward_ctrl.c:397:13:FF_GetVqdff	8	static
feed_forward_ctrl.c:422:13:FF_GetVqdAvPIout	8	static
