r3_1_f4xx_pwm_curr_fdbk.c:293:13:R3_1_GetPhaseCurrents	16	static
r3_1_f4xx_pwm_curr_fdbk.c:764:13:R3_1_HFCurrentsCalibrationAB	12	static
r3_1_f4xx_pwm_curr_fdbk.c:796:13:R3_1_HFCurrentsCalibrationC	4	static
r3_1_f4xx_pwm_curr_fdbk.c:827:13:R3_1_TurnOnLowSides	12	static
r3_1_f4xx_pwm_curr_fdbk.c:865:13:R3_1_SwitchOnPWM	16	static
r3_1_f4xx_pwm_curr_fdbk.c:919:13:R3_1_SwitchOffPWM	16	static
r3_1_f4xx_pwm_curr_fdbk.c:1462:6:R3_1_RLGetPhaseCurrents	8	static
r3_1_f4xx_pwm_curr_fdbk.c:1507:6:R3_1_RLTurnOnLowSides	8	static
r3_1_f4xx_pwm_curr_fdbk.c:1544:6:R3_1_RLSwitchOnPWM	16	static
r3_1_f4xx_pwm_curr_fdbk.c:87:13:R3_1_Init	8	static
r3_1_f4xx_pwm_curr_fdbk.c:152:13:R3_1_SetOffsetCalib	4	static
r3_1_f4xx_pwm_curr_fdbk.c:167:13:R3_1_GetOffsetCalib	0	static
r3_1_f4xx_pwm_curr_fdbk.c:181:13:R3_1_CurrentReadingCalibration	40	static
r3_1_f4xx_pwm_curr_fdbk.c:448:13:R3_1_GetPhaseCurrents_OVM	16	static
r3_1_f4xx_pwm_curr_fdbk.c:969:17:R3_1_WriteTIMRegisters	8	static
r3_1_f4xx_pwm_curr_fdbk.c:1017:17:R3_1_SetADCSampPointCalibration	8	static
r3_1_f4xx_pwm_curr_fdbk.c:1043:17:R3_1_SetADCSampPointSectX	16	static
r3_1_f4xx_pwm_curr_fdbk.c:1111:10:R3_1_SetADCSampPointSectX_OVM	16	static
r3_1_f4xx_pwm_curr_fdbk.c:1180:14:R3_1_TIMx_UP_IRQHandler	12	static
r3_1_f4xx_pwm_curr_fdbk.c:1215:14:R3_1_BRK_IRQHandler	16	static
r3_1_f4xx_pwm_curr_fdbk.c:1238:17:R3_1_IsOverCurrentOccurred	0	static
r3_1_f4xx_pwm_curr_fdbk.c:1258:6:R3_1_RLDetectionModeEnable	4	static
r3_1_f4xx_pwm_curr_fdbk.c:1309:6:R3_1_RLDetectionModeDisable	12	static
r3_1_f4xx_pwm_curr_fdbk.c:1410:10:R3_1_RLDetectionModeSetDuty	4	static
r3_1_f4xx_pwm_curr_fdbk.c:1618:6:RLTurnOnLowSidesAndStart	8	static
r3_1_f4xx_pwm_curr_fdbk.c:1667:6:RLSetADCSampPoint	0	static
